Component: ARM Compiler 5.06 update 4 (build 422) Tool: armlink [4d35d2]

==============================================================================

Section Cross References

    startup_stm32f103xg.o(RESET) refers to startup_stm32f103xg.o(STACK) for __initial_sp
    startup_stm32f103xg.o(RESET) refers to startup_stm32f103xg.o(.text) for Reset_Handler
    startup_stm32f103xg.o(RESET) refers to stm32f1xx_it.o(i.NMI_Handler) for NMI_Handler
    startup_stm32f103xg.o(RESET) refers to stm32f1xx_it.o(i.HardFault_Handler) for HardFault_Handler
    startup_stm32f103xg.o(RESET) refers to stm32f1xx_it.o(i.MemManage_Handler) for MemManage_Handler
    startup_stm32f103xg.o(RESET) refers to stm32f1xx_it.o(i.BusFault_Handler) for BusFault_Handler
    startup_stm32f103xg.o(RESET) refers to stm32f1xx_it.o(i.UsageFault_Handler) for UsageFault_Handler
    startup_stm32f103xg.o(RESET) refers to stm32f1xx_it.o(i.SVC_Handler) for SVC_Handler
    startup_stm32f103xg.o(RESET) refers to stm32f1xx_it.o(i.DebugMon_Handler) for DebugMon_Handler
    startup_stm32f103xg.o(RESET) refers to stm32f1xx_it.o(i.PendSV_Handler) for PendSV_Handler
    startup_stm32f103xg.o(RESET) refers to stm32f1xx_it.o(i.SysTick_Handler) for SysTick_Handler
    startup_stm32f103xg.o(RESET) refers to stm32f1xx_it.o(i.DMA1_Channel4_IRQHandler) for DMA1_Channel4_IRQHandler
    startup_stm32f103xg.o(RESET) refers to stm32f1xx_it.o(i.DMA1_Channel5_IRQHandler) for DMA1_Channel5_IRQHandler
    startup_stm32f103xg.o(RESET) refers to stm32f1xx_it.o(i.SPI2_IRQHandler) for SPI2_IRQHandler
    startup_stm32f103xg.o(.text) refers to system_stm32f1xx.o(i.SystemInit) for SystemInit
    startup_stm32f103xg.o(.text) refers to entry.o(.ARM.Collect$$$$00000000) for __main
    coeappl.o(i.AddObjectsToObjDictionary) refers to coeappl.o(i.COE_AddObjectToDic) for COE_AddObjectToDic
    coeappl.o(i.COE_AddObjectToDic) refers to coeappl.o(.data) for ObjDicList
    coeappl.o(i.COE_ClearObjDictionary) refers to coeappl.o(i.COE_RemoveDicEntry) for COE_RemoveDicEntry
    coeappl.o(i.COE_ClearObjDictionary) refers to coeappl.o(.data) for ObjDicList
    coeappl.o(i.COE_GetObjectDictionary) refers to coeappl.o(.data) for ObjDicList
    coeappl.o(i.COE_Main) refers to malloc.o(i.free) for free
    coeappl.o(i.COE_Main) refers to sdoserv.o(i.SDOS_SdoRes) for SDOS_SdoRes
    coeappl.o(i.COE_Main) refers to sdoserv.o(.data) for pSdoPendFunc
    coeappl.o(i.COE_ObjDictionaryInit) refers to coeappl.o(i.AddObjectsToObjDictionary) for AddObjectsToObjDictionary
    coeappl.o(i.COE_ObjDictionaryInit) refers to coeappl.o(.data) for ObjDicList
    coeappl.o(i.COE_ObjInit) refers to coeappl.o(i.COE_ObjDictionaryInit) for COE_ObjDictionaryInit
    coeappl.o(i.COE_ObjInit) refers to coeappl.o(i.COE_ClearObjDictionary) for COE_ClearObjDictionary
    coeappl.o(i.COE_ObjInit) refers to 9252_hw.o(i.HW_EscRead) for HW_EscRead
    coeappl.o(i.COE_ObjInit) refers to objdef.o(.bss) for sSyncManOutPar
    coeappl.o(i.COE_ObjInit) refers to objdef.o(.data) for bSyncSetByUser
    coeappl.o(i.COE_ObjInit) refers to sdoserv.o(.data) for u8PendingSdo
    coeappl.o(i.COE_ObjInit) refers to ecatslv.o(.data) for b32BitDc
    coeappl.o(i.COE_ObjInit) refers to coeappl.o(.data) for u32LastDc32Value
    coeappl.o(i.COE_RemoveDicEntry) refers to coeappl.o(.data) for ObjDicList
    coeappl.o(i.COE_SyncTimeStamp) refers to 9252_hw.o(i.HW_EscRead) for HW_EscRead
    coeappl.o(i.COE_SyncTimeStamp) refers to ecatslv.o(.data) for b32BitDc
    coeappl.o(i.COE_SyncTimeStamp) refers to coeappl.o(.data) for u64Timestamp
    coeappl.o(i.COE_UpdateSyncErrorStatus) refers to objdef.o(.bss) for sSyncManOutPar
    coeappl.o(i.COE_UpdateSyncErrorStatus) refers to objdef.o(.data) for sErrorSettings
    coeappl.o(i.Read0x10F8) refers to coeappl.o(i.COE_SyncTimeStamp) for COE_SyncTimeStamp
    coeappl.o(i.Read0x10F8) refers to memcpya.o(.text) for __aeabi_memcpy
    coeappl.o(i.Read0x10F8) refers to coeappl.o(.data) for u64Timestamp
    coeappl.o(.data) refers to coeappl.o(.constdata) for asEntryDesc0x1601
    coeappl.o(.data) refers to pic32_mchp_gpio_sample_app.o(.data) for GPIO_OUTPUTSProcessDataMapping0x1601
    coeappl.o(.data) refers to objdef.o(.data) for sErrorSettings
    coeappl.o(.data) refers to coeappl.o(i.Read0x10F8) for Read0x10F8
    coeappl.o(.data) refers to objdef.o(.bss) for sSyncManOutPar
    ecatappl.o(i.ECAT_Application) refers to ecatappl.o(i.HandleCycleTimeMeasurement) for HandleCycleTimeMeasurement
    ecatappl.o(i.ECAT_Application) refers to pic32_mchp_gpio_sample_app.o(i.APPL_Application) for APPL_Application
    ecatappl.o(i.ECAT_Application) refers to objdef.o(.bss) for sSyncManOutPar
    ecatappl.o(i.ECAT_Application) refers to ecatslv.o(.data) for nPdOutputSize
    ecatappl.o(i.ECAT_CheckTimer) refers to ecatappl.o(i.ECAT_SetLedIndication) for ECAT_SetLedIndication
    ecatappl.o(i.ECAT_CheckTimer) refers to ecatslv.o(i.DC_CheckWatchdog) for DC_CheckWatchdog
[...]
    MX_DMA_Init                              0x080044a5   Thumb Code    64  main.o(i.MX_DMA_Init)
    i.MX_GPIO_Init                           0x080044e8   Section        0  main.o(i.MX_GPIO_Init)
    MX_GPIO_Init                             0x080044e9   Thumb Code   244  main.o(i.MX_GPIO_Init)
    i.MX_SPI2_Init                           0x080045ec   Section        0  main.o(i.MX_SPI2_Init)
    MX_SPI2_Init                             0x080045ed   Thumb Code    60  main.o(i.MX_SPI2_Init)
    i.MailboxServiceInd                      0x08004630   Section        0  mailbox.o(i.MailboxServiceInd)
    i.MainInit                               0x08004670   Section        0  ecatappl.o(i.MainInit)
    i.MainLoop                               0x08004754   Section        0  ecatappl.o(i.MainLoop)
    i.MemManage_Handler                      0x08004808   Section        0  stm32f1xx_it.o(i.MemManage_Handler)
    i.NMI_Handler                            0x0800480c   Section        0  stm32f1xx_it.o(i.NMI_Handler)
    i.OBJ_CopyNumberToString                 0x0800480e   Section        0  objdef.o(i.OBJ_CopyNumberToString)
    i.OBJ_GetDesc                            0x0800484c   Section        0  objdef.o(i.OBJ_GetDesc)
    i.OBJ_GetEntryDesc                       0x08004924   Section        0  objdef.o(i.OBJ_GetEntryDesc)
    i.OBJ_GetEntryOffset                     0x0800494a   Section        0  objdef.o(i.OBJ_GetEntryOffset)
    i.OBJ_GetNoOfObjects                     0x08004a50   Section        0  objdef.o(i.OBJ_GetNoOfObjects)
    i.OBJ_GetObjDesc                         0x08004ab4   Section        0  objdef.o(i.OBJ_GetObjDesc)
    i.OBJ_GetObjectHandle                    0x08004abc   Section        0  objdef.o(i.OBJ_GetObjectHandle)
    i.OBJ_GetObjectLength                    0x08004adc   Section        0  objdef.o(i.OBJ_GetObjectLength)
    i.OBJ_GetObjectList                      0x08004b78   Section        0  objdef.o(i.OBJ_GetObjectList)
    i.OBJ_Read                               0x08004c34   Section        0  objdef.o(i.OBJ_Read)
    i.OBJ_Write                              0x080050a8   Section        0  objdef.o(i.OBJ_Write)
    i.PDI_Isr                                0x080055c8   Section        0  ecatappl.o(i.PDI_Isr)
    i.PDO_InputMapping                       0x080056e0   Section        0  ecatappl.o(i.PDO_InputMapping)
    i.PDO_OutputMapping                      0x0800575c   Section        0  ecatappl.o(i.PDO_OutputMapping)
    i.PendSV_Handler                         0x080057f0   Section        0  stm32f1xx_it.o(i.PendSV_Handler)
    i.PutInEmptyEmcyQueue                    0x080057f4   Section        0  emcy.o(i.PutInEmptyEmcyQueue)
    i.PutInMbxQueue                          0x0800581c   Section        0  mailbox.o(i.PutInMbxQueue)
    i.PutInSendEmcyQueue                     0x08005848   Section        0  emcy.o(i.PutInSendEmcyQueue)
    i.RCC_Delay                              0x08005870   Section        0  stm32f1xx_hal_rcc.o(i.RCC_Delay)
    RCC_Delay                                0x08005871   Thumb Code    36  stm32f1xx_hal_rcc.o(i.RCC_Delay)
    i.Read0x10F8                             0x08005898   Section        0  coeappl.o(i.Read0x10F8)
    i.ResetALEventMask                       0x080058e8   Section        0  ecatslv.o(i.ResetALEventMask)
    i.SDOS_SdoInd                            0x08005910   Section        0  sdoserv.o(i.SDOS_SdoInd)
    i.SDOS_SdoInfoInd                        0x08005d68   Section        0  sdoserv.o(i.SDOS_SdoInfoInd)
    i.SDOS_SdoRes                            0x0800604c   Section        0  sdoserv.o(i.SDOS_SdoRes)
    i.SODS_ClearPendingResponse              0x08006138   Section        0  sdoserv.o(i.SODS_ClearPendingResponse)
    i.SPI2_IRQHandler                        0x080061e8   Section        0  stm32f1xx_it.o(i.SPI2_IRQHandler)
    i.SPIRead                                0x080061f8   Section        0  spidriver.o(i.SPIRead)
    i.SPIReadBurstMode                       0x08006224   Section        0  spidriver.o(i.SPIReadBurstMode)
    i.SPIReadDRegister                       0x0800624a   Section        0  spidriver.o(i.SPIReadDRegister)
    i.SPIReadDWord                           0x08006270   Section        0  spidriver.o(i.SPIReadDWord)
    i.SPIReadPDRamRegister                   0x080062d0   Section        0  spidriver.o(i.SPIReadPDRamRegister)
    i.SPIReadRegUsingCSR                     0x080063ec   Section        0  spidriver.o(i.SPIReadRegUsingCSR)
    i.SPISendAddr                            0x0800645a   Section        0  spidriver.o(i.SPISendAddr)
    i.SPIWrite                               0x08006474   Section        0  spidriver.o(i.SPIWrite)
    i.SPIWriteBurstMode                      0x0800649c   Section        0  spidriver.o(i.SPIWriteBurstMode)
    i.SPIWriteDWord                          0x080064c4   Section        0  spidriver.o(i.SPIWriteDWord)
    i.SPIWritePDRamRegister                  0x08006520   Section        0  spidriver.o(i.SPIWritePDRamRegister)
    i.SPIWriteRegUsingCSR                    0x0800663c   Section        0  spidriver.o(i.SPIWriteRegUsingCSR)
    i.SPIWriteRegister                       0x080066aa   Section        0  spidriver.o(i.SPIWriteRegister)
    i.SPI_DMAAbortOnError                    0x080066d0   Section        0  stm32f1xx_hal_spi.o(i.SPI_DMAAbortOnError)
    SPI_DMAAbortOnError                      0x080066d1   Thumb Code    20  stm32f1xx_hal_spi.o(i.SPI_DMAAbortOnError)
    i.SPI_DMAError                           0x080066e4   Section        0  stm32f1xx_hal_spi.o(i.SPI_DMAError)
    SPI_DMAError                             0x080066e5   Thumb Code    40  stm32f1xx_hal_spi.o(i.SPI_DMAError)
    i.SPI_DMAHalfReceiveCplt                 0x0800670c   Section        0  stm32f1xx_hal_spi.o(i.SPI_DMAHalfReceiveCplt)
    SPI_DMAHalfReceiveCplt                   0x0800670d   Thumb Code    14  stm32f1xx_hal_spi.o(i.SPI_DMAHalfReceiveCplt)
    i.SPI_DMAHalfTransmitCplt                0x0800671a   Section        0  stm32f1xx_hal_spi.o(i.SPI_DMAHalfTransmitCplt)
    SPI_DMAHalfTransmitCplt                  0x0800671b   Thumb Code    14  stm32f1xx_hal_spi.o(i.SPI_DMAHalfTransmitCplt)
    i.SPI_DMAHalfTransmitReceiveCplt         0x08006728   Section        0  stm32f1xx_hal_spi.o(i.SPI_DMAHalfTransmitReceiveCplt)
    SPI_DMAHalfTransmitReceiveCplt           0x08006729   Thumb Code    14  stm32f1xx_hal_spi.o(i.SPI_DMAHalfTransmitReceiveCplt)
    i.SPI_DMAReceiveCplt                     0x08006736   Section        0  stm32f1xx_hal_spi.o(i.SPI_DMAReceiveCplt)
    SPI_DMAReceiveCplt                       0x08006737   Thumb Code   122  stm32f1xx_hal_spi.o(i.SPI_DMAReceiveCplt)
    i.SPI_DMATransmitCplt                    0x080067b0   Section        0  stm32f1xx_hal_spi.o(i.SPI_DMATransmitCplt)
    SPI_DMATransmitCplt                      0x080067b1   Thumb Code   126  stm32f1xx_hal_spi.o(i.SPI_DMATransmitCplt)
    i.SPI_DMATransmitReceiveCplt             0x0800682e   Section        0  stm32f1xx_hal_spi.o(i.SPI_DMATransmitReceiveCplt)
    SPI_DMATransmitReceiveCplt               0x0800682f   Thumb Code   102  stm32f1xx_hal_spi.o(i.SPI_DMATransmitReceiveCplt)
    i.SPI_EndRxTransaction                   0x08006894   Section        0  stm32f1xx_hal_spi.o(i.SPI_EndRxTransaction)
    SPI_EndRxTransaction                     0x08006895   Thumb Code   120  stm32f1xx_hal_spi.o(i.SPI_EndRxTransaction)
    i.SPI_EndRxTxTransaction                 0x0800690c   Section        0  stm32f1xx_hal_spi.o(i.SPI_EndRxTxTransaction)
    SPI_EndRxTxTransaction                   0x0800690d   Thumb Code    40  stm32f1xx_hal_spi.o(i.SPI_EndRxTxTransaction)
    i.SPI_WaitFlagStateUntilTimeout          0x08006934   Section        0  stm32f1xx_hal_spi.o(i.SPI_WaitFlagStateUntilTimeout)
    SPI_WaitFlagStateUntilTimeout            0x08006935   Thumb Code   210  stm32f1xx_hal_spi.o(i.SPI_WaitFlagStateUntilTimeout)
    i.SVC_Handler                            0x08006a0c   Section        0  stm32f1xx_it.o(i.SVC_Handler)
    i.SdoDownloadSegmentInd                  0x08006a10   Section        0  sdoserv.o(i.SdoDownloadSegmentInd)
    SdoDownloadSegmentInd                    0x08006a11   Thumb Code   596  sdoserv.o(i.SdoDownloadSegmentInd)
    i.SdoRes                                 0x08006cb4   Section        0  sdoserv.o(i.SdoRes)
    i.SdoUploadSegmentInd                    0x08006d94   Section        0  sdoserv.o(i.SdoUploadSegmentInd)
    SdoUploadSegmentInd                      0x08006d95   Thumb Code   388  sdoserv.o(i.SdoUploadSegmentInd)
    i.SendFragment                           0x08006f34   Section        0  ecateoe.o(i.SendFragment)
    i.SendSmFailedEmergency                  0x080070bc   Section        0  ecatslv.o(i.SendSmFailedEmergency)
    i.SetALEventMask                         0x080071b0   Section        0  ecatslv.o(i.SetALEventMask)
    i.SetALStatus                            0x080071d8   Section        0  ecatslv.o(i.SetALStatus)
    i.StartInputHandler                      0x080072ac   Section        0  ecatslv.o(i.StartInputHandler)
    i.StartOutputHandler                     0x080078cc   Section        0  ecatslv.o(i.StartOutputHandler)
    i.StopInputHandler                       0x08007920   Section        0  ecatslv.o(i.StopInputHandler)
    i.StopOutputHandler                      0x08007a00   Section        0  ecatslv.o(i.StopOutputHandler)
    i.SysTick_Handler                        0x08007a14   Section        0  stm32f1xx_it.o(i.SysTick_Handler)
    i.SystemClock_Config                     0x08007a1c   Section        0  main.o(i.SystemClock_Config)
    i.SystemInit                             0x08007a82   Section        0  system_stm32f1xx.o(i.SystemInit)
    i.UpdateEEPROMLoadedState                0x08007a84   Section        0  ecatslv.o(i.UpdateEEPROMLoadedState)
    i.UsageFault_Handler                     0x08007ac0   Section        0  stm32f1xx_it.o(i.UsageFault_Handler)
    i.__NVIC_GetPriorityGrouping             0x08007ac4   Section        0  stm32f1xx_hal_cortex.o(i.__NVIC_GetPriorityGrouping)
    __NVIC_GetPriorityGrouping               0x08007ac5   Thumb Code    10  stm32f1xx_hal_cortex.o(i.__NVIC_GetPriorityGrouping)
    i.__NVIC_SetPriority                     0x08007ad4   Section        0  stm32f1xx_hal_cortex.o(i.__NVIC_SetPriority)
    __NVIC_SetPriority                       0x08007ad5   Thumb Code    32  stm32f1xx_hal_cortex.o(i.__NVIC_SetPriority)
    i.__scatterload_copy                     0x08007afc   Section       14  handlers.o(i.__scatterload_copy)
    i.__scatterload_null                     0x08007b0a   Section        2  handlers.o(i.__scatterload_null)
    i.__scatterload_zeroinit                 0x08007b0c   Section       14  handlers.o(i.__scatterload_zeroinit)
    i.free                                   0x08007b1c   Section        0  malloc.o(i.free)
    i.main                                   0x08007b6c   Section        0  main.o(i.main)
    i.malloc                                 0x08007bdc   Section        0  malloc.o(i.malloc)
    .constdata                               0x08007c48   Section     1285  coeappl.o(.constdata)
    .constdata                               0x0800814e   Section        8  emcy.o(.constdata)
    .constdata                               0x08008156   Section       32  objdef.o(.constdata)
    .constdata                               0x08008178   Section      120  sdoserv.o(.constdata)
    .constdata                               0x080081f0   Section       24  system_stm32f1xx.o(.constdata)
    .data                                    0x20000000   Section      844  coeappl.o(.data)
    .data                                    0x2000034c   Section       82  ecatappl.o(.data)
    ms                                       0x20000396   Data           2  ecatappl.o(.data)
    RunCounter                               0x20000398   Data           2  ecatappl.o(.data)
    ErrorCounter                             0x2000039a   Data           2  ecatappl.o(.data)
    u8PrevErrorLed                           0x2000039c   Data           1  ecatappl.o(.data)
    u8PrevRunLed                             0x2000039d   Data           1  ecatappl.o(.data)
    .data                                    0x200003a0   Section        4  ecatcoe.o(.data)
    .data                                    0x200003a4   Section       32  ecateoe.o(.data)
    .data                                    0x200003c4   Section       22  ecatfoe.o(.data)
    .data                                    0x200003dc   Section       81  ecatslv.o(.data)
    .data                                    0x2000042e   Section        8  emcy.o(.data)
    .data                                    0x20000436   Section       22  eoeappl.o(.data)
    .data                                    0x2000044c   Section       33  mailbox.o(.data)
    .data                                    0x20000470   Section       29  objdef.o(.data)
    .data                                    0x20000490   Section       32  pic32_mchp_gpio_sample_app.o(.data)
    .data                                    0x200004b0   Section       60  sdoserv.o(.data)
    .data                                    0x200004ec   Section       16  9252_hw.o(.data)
    .data                                    0x200004fc   Section        8  spidriver.o(.data)
    .data                                    0x20000504   Section        4  main.o(.data)
    .data                                    0x20000508   Section        9  stm32f1xx_hal.o(.data)
    .data                                    0x20000514   Section        4  system_stm32f1xx.o(.data)
    .data                                    0x20000518   Section        4  mvars.o(.data)
    .data                                    0x2000051c   Section        4  mvars.o(.data)
    .bss                                     0x20000520   Section       32  emcy.o(.bss)
    .bss                                     0x20000540   Section      104  mailbox.o(.bss)
    .bss                                     0x200005a8   Section      136  objdef.o(.bss)
    .bss                                     0x20000630   Section       16  sdoserv.o(.bss)
    .bss                                     0x20000640   Section      224  main.o(.bss)
    HEAP                                     0x20000720   Section      512  startup_stm32f103xg.o(HEAP)
    STACK                                    0x20000920   Section     1024  startup_stm32f103xg.o(STACK)

    Global Symbols

    Symbol Name                              Value     Ov Type        Size  Object(Section)

    BuildAttributes$$THM_ISAv4$P$D$K$B$S$PE$A:L22UL41UL21$X:L11$S22US41US21$IEEE1$IW$USESV6$~STKCKD$USESV7$~SHL$OSPACE$EBA8$MICROLIB$REQ8$PRES8$EABIv2 0x00000000   Number         0  anon$$obj.o ABSOLUTE
    __ARM_use_no_argv                        0x00000000   Number         0  main.o ABSOLUTE
    __cpp_initialize__aeabi_                  - Undefined Weak Reference
    __cxa_finalize                            - Undefined Weak Reference
    _clock_init                               - Undefined Weak Reference
    _microlib_exit                            - Undefined Weak Reference
    __Vectors_Size                           0x00000130   Number         0  startup_stm32f103xg.o ABSOLUTE
    __Vectors                                0x08000000   Data           4  startup_stm32f103xg.o(RESET)
    __Vectors_End                            0x08000130   Data           0  startup_stm32f103xg.o(RESET)
    __main                                   0x08000131   Thumb Code     0  entry.o(.ARM.Collect$$$$00000000)
    _main_stk                                0x08000131   Thumb Code     0  entry2.o(.ARM.Collect$$$$00000001)
    _main_scatterload                        0x08000135   Thumb Code     0  entry5.o(.ARM.Collect$$$$00000004)
    __main_after_scatterload                 0x08000139   Thumb Code     0  entry5.o(.ARM.Collect$$$$00000004)
    _main_clock                              0x08000139   Thumb Code     0  entry7b.o(.ARM.Collect$$$$00000008)
    _main_cpp_init                           0x08000139   Thumb Code     0  entry8b.o(.ARM.Collect$$$$0000000A)
    _main_init                               0x08000139   Thumb Code     0  entry9a.o(.ARM.Collect$$$$0000000B)
    __rt_final_cpp                           0x08000141   Thumb Code     0  entry10a.o(.ARM.Collect$$$$0000000D)
    __rt_final_exit                          0x08000141   Thumb Code     0  entry11a.o(.ARM.Collect$$$$0000000F)
    Reset_Handler                            0x08000145   Thumb Code     8  startup_stm32f103xg.o(.text)
    ADC1_2_IRQHandler                        0x0800015f   Thumb Code     0  startup_stm32f103xg.o(.text)
    ADC3_IRQHandler                          0x0800015f   Thumb Code     0  startup_stm32f103xg.o(.text)
    CAN1_RX1_IRQHandler                      0x0800015f   Thumb Code     0  startup_stm32f103xg.o(.text)
    CAN1_SCE_IRQHandler                      0x0800015f   Thumb Code     0  startup_stm32f103xg.o(.text)
    DMA1_Channel1_IRQHandler                 0x0800015f   Thumb Code     0  startup_stm32f103xg.o(.text)
    DMA1_Channel2_IRQHandler                 0x0800015f   Thumb Code     0  startup_stm32f103xg.o(.text)
    DMA1_Channel3_IRQHandler                 0x0800015f   Thumb Code     0  startup_stm32f103xg.o(.text)
    DMA1_Channel6_IRQHandler                 0x0800015f   Thumb Code     0  startup_stm32f103xg.o(.text)
    DMA1_Channel7_IRQHandler                 0x0800015f   Thumb Code     0  startup_stm32f103xg.o(.text)
    DMA2_Channel1_IRQHandler                 0x0800015f   Thumb Code     0  startup_stm32f103xg.o(.text)
    DMA2_Channel2_IRQHandler                 0x0800015f   Thumb Code     0  startup_stm32f103xg.o(.text)
    DMA2_Channel3_IRQHandler                 0x0800015f   Thumb Code     0  startup_stm32f103xg.o(.text)
    DMA2_Channel4_5_IRQHandler               0x0800015f   Thumb Code     0  startup_stm32f103xg.o(.text)
    EXTI0_IRQHandler                         0x0800015f   Thumb Code     0  startup_stm32f103xg.o(.text)
    EXTI15_10_IRQHandler                     0x0800015f   Thumb Code     0  startup_stm32f103xg.o(.text)
    EXTI1_IRQHandler                         0x0800015f   Thumb Code     0  startup_stm32f103xg.o(.text)
    EXTI2_IRQHandler                         0x0800015f   Thumb Code     0  startup_stm32f103xg.o(.text)
    EXTI3_IRQHandler                         0x0800015f   Thumb Code     0  startup_stm32f103xg.o(.text)
    EXTI4_IRQHandler                         0x0800015f   Thumb Code     0  startup_stm32f103xg.o(.text)
    EXTI9_5_IRQHandler                       0x0800015f   Thumb Code     0  startup_stm32f103xg.o(.text)
    FLASH_IRQHandler                         0x0800015f   Thumb Code     0  startup_stm32f103xg.o(.text)
    FSMC_IRQHandler                          0x0800015f   Thumb Code     0  startup_stm32f103xg.o(.text)
    I2C1_ER_IRQHandler                       0x0800015f   Thumb Code     0  startup_stm32f103xg.o(.text)
    I2C1_EV_IRQHandler                       0x0800015f   Thumb Code     0  startup_stm32f103xg.o(.text)
    I2C2_ER_IRQHandler                       0x0800015f   Thumb Code     0  startup_stm32f103xg.o(.text)
    I2C2_EV_IRQHandler                       0x0800015f   Thumb Code     0  startup_stm32f103xg.o(.text)
    PVD_IRQHandler                           0x0800015f   Thumb Code     0  startup_stm32f103xg.o(.text)
    RCC_IRQHandler                           0x0800015f   Thumb Code     0  startup_stm32f103xg.o(.text)
    RTC_Alarm_IRQHandler                     0x0800015f   Thumb Code     0  startup_stm32f103xg.o(.text)
    RTC_IRQHandler                           0x0800015f   Thumb Code     0  startup_stm32f103xg.o(.text)
    SDIO_IRQHandler                          0x0800015f   Thumb Code     0  startup_stm32f103xg.o(.text)
    SPI1_IRQHandler                          0x0800015f   Thumb Code     0  startup_stm32f103xg.o(.text)
    SPI3_IRQHandler                          0x0800015f   Thumb Code     0  startup_stm32f103xg.o(.text)
    TAMPER_IRQHandler                        0x0800015f   Thumb Code     0  startup_stm32f103xg.o(.text)
    TIM1_BRK_TIM9_IRQHandler                 0x0800015f   Thumb Code     0  startup_stm32f103xg.o(.text)
    TIM1_CC_IRQHandler                       0x0800015f   Thumb Code     0  startup_stm32f103xg.o(.text)
    TIM1_TRG_COM_TIM11_IRQHandler            0x0800015f   Thumb Code     0  startup_stm32f103xg.o(.text)
    TIM1_UP_TIM10_IRQHandler                 0x0800015f   Thumb Code     0  startup_stm32f103xg.o(.text)
    TIM2_IRQHandler                          0x0800015f   Thumb Code     0  startup_stm32f103xg.o(.text)
    TIM3_IRQHandler                          0x0800015f   Thumb Code     0  startup_stm32f103xg.o(.text)
    TIM4_IRQHandler                          0x0800015f   Thumb Code     0  startup_stm32f103xg.o(.text)
    TIM5_IRQHandler                          0x0800015f   Thumb Code     0  startup_stm32f103xg.o(.text)
    TIM6_IRQHandler                          0x0800015f   Thumb Code     0  startup_stm32f103xg.o(.text)
    TIM7_IRQHandler                          0x0800015f   Thumb Code     0  startup_stm32f103xg.o(.text)
    TIM8_BRK_TIM12_IRQHandler                0x0800015f   Thumb Code     0  startup_stm32f103xg.o(.text)
    TIM8_CC_IRQHandler                       0x0800015f   Thumb Code     0  startup_stm32f103xg.o(.text)
    TIM8_TRG_COM_TIM14_IRQHandler            0x0800015f   Thumb Code     0  startup_stm32f103xg.o(.text)
    TIM8_UP_TIM13_IRQHandler                 0x0800015f   Thumb Code     0  startup_stm32f103xg.o(.text)
    UART4_IRQHandler                         0x0800015f   Thumb Code     0  startup_stm32f103xg.o(.text)
    UART5_IRQHandler                         0x0800015f   Thumb Code     0  startup_stm32f103xg.o(.text)
    USART1_IRQHandler                        0x0800015f   Thumb Code     0  startup_stm32f103xg.o(.text)
    USART2_IRQHandler                        0x0800015f   Thumb Code     0  startup_stm32f103xg.o(.text)
    USART3_IRQHandler                        0x0800015f   Thumb Code     0  startup_stm32f103xg.o(.text)
    USBWakeUp_IRQHandler                     0x0800015f   Thumb Code     0  startup_stm32f103xg.o(.text)
    USB_HP_CAN1_TX_IRQHandler                0x0800015f   Thumb Code     0  startup_stm32f103xg.o(.text)
    USB_LP_CAN1_RX0_IRQHandler               0x0800015f   Thumb Code     0  startup_stm32f103xg.o(.text)
    WWDG_IRQHandler                          0x0800015f   Thumb Code     0  startup_stm32f103xg.o(.text)
    __aeabi_memcpy                           0x08000169   Thumb Code    36  memcpya.o(.text)
    __aeabi_memcpy4                          0x08000169   Thumb Code     0  memcpya.o(.text)
    __aeabi_memcpy8                          0x08000169   Thumb Code     0  memcpya.o(.text)
    __aeabi_memset                           0x0800018d   Thumb Code    14  memseta.o(.text)
    __aeabi_memset4                          0x0800018d   Thumb Code     0  memseta.o(.text)
    __aeabi_memset8                          0x0800018d   Thumb Code     0  memseta.o(.text)
    __aeabi_memclr                           0x0800019b   Thumb Code     4  memseta.o(.text)
    __aeabi_memclr4                          0x0800019b   Thumb Code     0  memseta.o(.text)
    __aeabi_memclr8                          0x0800019b   Thumb Code     0  memseta.o(.text)
    _memset$wrapper                          0x0800019f   Thumb Code    18  memseta.o(.text)
    strlen                                   0x080001b1   Thumb Code    14  strlen.o(.text)
    __scatterload                            0x080001c1   Thumb Code    28  init.o(.text)
    __scatterload_rt2                        0x080001c1   Thumb Code     0  init.o(.text)
    __decompress                             0x080001e5   Thumb Code     0  __dczerorl2.o(.text)
    __decompress1                            0x080001e5   Thumb Code    86  __dczerorl2.o(.text)
    AL_ControlInd                            0x0800023d   Thumb Code  1120  ecatslv.o(i.AL_ControlInd)
    AL_ControlRes                            0x080006a5   Thumb Code   480  ecatslv.o(i.AL_ControlRes)
    APPL_AckErrorInd                         0x080008c5   Thumb Code     2  pic32_mchp_gpio_sample_app.o(i.APPL_AckErrorInd)
    APPL_Application                         0x080008c7   Thumb Code     2  pic32_mchp_gpio_sample_app.o(i.APPL_Application)
    APPL_GenerateMapping                     0x080008c9   Thumb Code   234  pic32_mchp_gpio_sample_app.o(i.APPL_GenerateMapping)
    APPL_GetDeviceID                         0x080009bd   Thumb Code     4  pic32_mchp_gpio_sample_app.o(i.APPL_GetDeviceID)
    APPL_InputMapping                        0x080009c1   Thumb Code    24  pic32_mchp_gpio_sample_app.o(i.APPL_InputMapping)
    APPL_OutputMapping                       0x080009dd   Thumb Code    22  pic32_mchp_gpio_sample_app.o(i.APPL_OutputMapping)
    APPL_StartInputHandler                   0x080009f9   Thumb Code     6  pic32_mchp_gpio_sample_app.o(i.APPL_StartInputHandler)
    APPL_StartMailboxHandler                 0x080009ff   Thumb Code     4  pic32_mchp_gpio_sample_app.o(i.APPL_StartMailboxHandler)
    APPL_StartOutputHandler                  0x08000a03   Thumb Code     4  pic32_mchp_gpio_sample_app.o(i.APPL_StartOutputHandler)
    APPL_StopInputHandler                    0x08000a07   Thumb Code     4  pic32_mchp_gpio_sample_app.o(i.APPL_StopInputHandler)
    APPL_StopMailboxHandler                  0x08000a0b   Thumb Code     4  pic32_mchp_gpio_sample_app.o(i.APPL_StopMailboxHandler)
    APPL_StopOutputHandler                   0x08000a0f   Thumb Code     4  pic32_mchp_gpio_sample_app.o(i.APPL_StopOutputHandler)
    AddObjectsToObjDictionary                0x08000a13   Thumb Code    40  coeappl.o(i.AddObjectsToObjDictionary)
    BackToInitTransition                     0x08000a3d   Thumb Code     8  ecatslv.o(i.BackToInitTransition)
    BusFault_Handler                         0x08000a49   Thumb Code     4  stm32f1xx_it.o(i.BusFault_Handler)
    COE_AddObjectToDic                       0x08000a4d   Thumb Code   140  coeappl.o(i.COE_AddObjectToDic)
    COE_ClearObjDictionary                   0x08000add   Thumb Code    32  coeappl.o(i.COE_ClearObjDictionary)
    COE_ContinueInd                          0x08000b01   Thumb Code    64  ecatcoe.o(i.COE_ContinueInd)
    COE_GetObjectDictionary                  0x08000b49   Thumb Code     6  coeappl.o(i.COE_GetObjectDictionary)
    COE_Init                                 0x08000b55   Thumb Code    12  ecatcoe.o(i.COE_Init)
    COE_Main                                 0x08000b69   Thumb Code   154  coeappl.o(i.COE_Main)
    COE_ObjDictionaryInit                    0x08000c25   Thumb Code    36  coeappl.o(i.COE_ObjDictionaryInit)
    COE_ObjInit                              0x08000c55   Thumb Code   192  coeappl.o(i.COE_ObjInit)
    COE_RemoveDicEntry                       0x08000d51   Thumb Code    62  coeappl.o(i.COE_RemoveDicEntry)
    COE_ServiceInd                           0x08000d95   Thumb Code    72  ecatcoe.o(i.COE_ServiceInd)
    COE_SyncTimeStamp                        0x08000ddd   Thumb Code   104  coeappl.o(i.COE_SyncTimeStamp)
    COE_UpdateSyncErrorStatus                0x08000e55   Thumb Code    78  coeappl.o(i.COE_UpdateSyncErrorStatus)
    CheckIfEcatError                         0x08000eb1   Thumb Code   116  ecatslv.o(i.CheckIfEcatError)
    CheckSmSettings                          0x08000f41   Thumb Code   636  ecatslv.o(i.CheckSmSettings)
    CheckSyncTypeValue                       0x080011e5   Thumb Code   242  objdef.o(i.CheckSyncTypeValue)
    DMA1_Channel4_IRQHandler                 0x080012e9   Thumb Code    16  stm32f1xx_it.o(i.DMA1_Channel4_IRQHandler)
    DMA1_Channel5_IRQHandler                 0x08001301   Thumb Code    16  stm32f1xx_it.o(i.DMA1_Channel5_IRQHandler)
    DebugMon_Handler                         0x08001345   Thumb Code     2  stm32f1xx_it.o(i.DebugMon_Handler)
    DisableSyncManChannel                    0x08001347   Thumb Code    50  ecatslv.o(i.DisableSyncManChannel)
    ECAT_Application                         0x08001379   Thumb Code    38  ecatappl.o(i.ECAT_Application)
    ECAT_Init                                0x080013ad   Thumb Code   194  ecatslv.o(i.ECAT_Init)
    ECAT_Main                                0x080014d1   Thumb Code   318  ecatslv.o(i.ECAT_Main)
    EMCY_ContinueInd                         0x0800162d   Thumb Code    20  emcy.o(i.EMCY_ContinueInd)
    EMCY_GetEmcyBuffer                       0x08001641   Thumb Code    12  emcy.o(i.EMCY_GetEmcyBuffer)
    EMCY_Init                                0x0800164d   Thumb Code    98  emcy.o(i.EMCY_Init)
    EMCY_IsQueueEmpty                        0x080016bd   Thumb Code    20  emcy.o(i.EMCY_IsQueueEmpty)
    EMCY_SendEmergency                       0x080016d5   Thumb Code   112  emcy.o(i.EMCY_SendEmergency)
    EOEAPPL_GetSettingsInd                   0x08001759   Thumb Code    90  eoeappl.o(i.EOEAPPL_GetSettingsInd)
    EOEAPPL_ReceiveFrameInd                  0x080017bd   Thumb Code    24  eoeappl.o(i.EOEAPPL_ReceiveFrameInd)
    EOEAPPL_SettingsInd                      0x080017d9   Thumb Code   230  eoeappl.o(i.EOEAPPL_SettingsInd)
    EOE_ContinueInd                          0x080018d9   Thumb Code    40  ecateoe.o(i.EOE_ContinueInd)
    EOE_Init                                 0x08001909   Thumb Code    54  ecateoe.o(i.EOE_Init)
    EOE_ServiceInd                           0x0800194d   Thumb Code   666  ecateoe.o(i.EOE_ServiceInd)
    EnableSyncManChannel                     0x08001c01   Thumb Code    48  ecatslv.o(i.EnableSyncManChannel)
    Error_Handler                            0x08001c31   Thumb Code     2  main.o(i.Error_Handler)
    FOE_Ack                                  0x08001c35   Thumb Code    34  foeappl.o(i.FOE_Ack)
    FOE_Busy                                 0x08001c61   Thumb Code    18  foeappl.o(i.FOE_Busy)
    FOE_ContinueInd                          0x08001c75   Thumb Code    28  ecatfoe.o(i.FOE_ContinueInd)
    FOE_Data                                 0x08001c95   Thumb Code    72  foeappl.o(i.FOE_Data)
    FOE_Error                                0x08001ce5   Thumb Code    20  foeappl.o(i.FOE_Error)
    FOE_Init                                 0x08001cfd   Thumb Code    16  ecatfoe.o(i.FOE_Init)
    FOE_Read                                 0x08001d19   Thumb Code    46  foeappl.o(i.FOE_Read)
    FOE_ServiceInd                           0x08001d51   Thumb Code   638  ecatfoe.o(i.FOE_ServiceInd)
    FOE_Write                                0x08001fe9   Thumb Code    34  foeappl.o(i.FOE_Write)
    GetOutOfEmptyEmcyQueue                   0x08002025   Thumb Code    52  emcy.o(i.GetOutOfEmptyEmcyQueue)
    GetOutOfMbxQueue                         0x0800205d   Thumb Code    46  mailbox.o(i.GetOutOfMbxQueue)
    GetOutOfSendEmcyQueue                    0x0800208d   Thumb Code    52  emcy.o(i.GetOutOfSendEmcyQueue)
    GetSyncMan                               0x080020c5   Thumb Code    24  ecatslv.o(i.GetSyncMan)
    GetSystemTimeDelay                       0x080020e1   Thumb Code    70  ecatappl.o(i.GetSystemTimeDelay)
    HAL_DMA_Abort_IT                         0x0800212d   Thumb Code   414  stm32f1xx_hal_dma.o(i.HAL_DMA_Abort_IT)
    HAL_DMA_IRQHandler                       0x080022d5   Thumb Code   910  stm32f1xx_hal_dma.o(i.HAL_DMA_IRQHandler)
    HAL_DMA_Init                             0x0800266d   Thumb Code   132  stm32f1xx_hal_dma.o(i.HAL_DMA_Init)
    HAL_DMA_Start_IT                         0x080026f9   Thumb Code   156  stm32f1xx_hal_dma.o(i.HAL_DMA_Start_IT)
    HAL_GPIO_Init                            0x08002795   Thumb Code   792  stm32f1xx_hal_gpio.o(i.HAL_GPIO_Init)
    HAL_GPIO_ReadPin                         0x08002ad5   Thumb Code    16  stm32f1xx_hal_gpio.o(i.HAL_GPIO_ReadPin)
    HAL_GPIO_TogglePin                       0x08002ae5   Thumb Code    20  stm32f1xx_hal_gpio.o(i.HAL_GPIO_TogglePin)
    HAL_GPIO_WritePin                        0x08002af9   Thumb Code    12  stm32f1xx_hal_gpio.o(i.HAL_GPIO_WritePin)
    HAL_GetTick                              0x08002b05   Thumb Code     6  stm32f1xx_hal.o(i.HAL_GetTick)
    HAL_IncTick                              0x08002b11   Thumb Code    16  stm32f1xx_hal.o(i.HAL_IncTick)
    HAL_Init                                 0x08002b29   Thumb Code    34  stm32f1xx_hal.o(i.HAL_Init)
    HAL_InitTick                             0x08002b51   Thumb Code    64  stm32f1xx_hal.o(i.HAL_InitTick)
    HAL_MspInit                              0x08002b9d   Thumb Code    76  stm32f1xx_hal_msp.o(i.HAL_MspInit)
    HAL_NVIC_EnableIRQ                       0x08002bf1   Thumb Code    32  stm32f1xx_hal_cortex.o(i.HAL_NVIC_EnableIRQ)
    HAL_NVIC_SetPriority                     0x08002c11   Thumb Code   124  stm32f1xx_hal_cortex.o(i.HAL_NVIC_SetPriority)
    HAL_NVIC_SetPriorityGrouping             0x08002c8d   Thumb Code    32  stm32f1xx_hal_cortex.o(i.HAL_NVIC_SetPriorityGrouping)
    HAL_RCC_ClockConfig                      0x08002cb5   Thumb Code   376  stm32f1xx_hal_rcc.o(i.HAL_RCC_ClockConfig)
    HAL_RCC_GetSysClockFreq                  0x08002e41   Thumb Code   116  stm32f1xx_hal_rcc.o(i.HAL_RCC_GetSysClockFreq)
    HAL_RCC_OscConfig                        0x08002ed5   Thumb Code  1114  stm32f1xx_hal_rcc.o(i.HAL_RCC_OscConfig)
    HAL_SPI_ErrorCallback                    0x08003339   Thumb Code     2  stm32f1xx_hal_spi.o(i.HAL_SPI_ErrorCallback)
    HAL_SPI_IRQHandler                       0x0800333d   Thumb Code   304  stm32f1xx_hal_spi.o(i.HAL_SPI_IRQHandler)
    HAL_SPI_Init                             0x08003471   Thumb Code   190  stm32f1xx_hal_spi.o(i.HAL_SPI_Init)
    HAL_SPI_MspInit                          0x08003531   Thumb Code   242  stm32f1xx_hal_msp.o(i.HAL_SPI_MspInit)
    HAL_SPI_Receive_DMA                      0x0800363d   Thumb Code   270  stm32f1xx_hal_spi.o(i.HAL_SPI_Receive_DMA)
    HAL_SPI_RxCpltCallback                   0x08003759   Thumb Code     2  stm32f1xx_hal_spi.o(i.HAL_SPI_RxCpltCallback)
    HAL_SPI_RxHalfCpltCallback               0x0800375b   Thumb Code     2  stm32f1xx_hal_spi.o(i.HAL_SPI_RxHalfCpltCallback)
    HAL_SPI_TransmitReceive_DMA              0x0800375d   Thumb Code   342  stm32f1xx_hal_spi.o(i.HAL_SPI_TransmitReceive_DMA)
    HAL_SPI_Transmit_DMA                     0x080038c9   Thumb Code   240  stm32f1xx_hal_spi.o(i.HAL_SPI_Transmit_DMA)
    HAL_SPI_TxCpltCallback                   0x080039c5   Thumb Code     2  stm32f1xx_hal_spi.o(i.HAL_SPI_TxCpltCallback)
    HAL_SPI_TxHalfCpltCallback               0x080039c7   Thumb Code     2  stm32f1xx_hal_spi.o(i.HAL_SPI_TxHalfCpltCallback)
    HAL_SPI_TxRxCpltCallback                 0x080039c9   Thumb Code     2  stm32f1xx_hal_spi.o(i.HAL_SPI_TxRxCpltCallback)
    HAL_SPI_TxRxHalfCpltCallback             0x080039cb   Thumb Code     2  stm32f1xx_hal_spi.o(i.HAL_SPI_TxRxHalfCpltCallback)
    HAL_SYSTICK_Config                       0x080039cd   Thumb Code    52  stm32f1xx_hal_cortex.o(i.HAL_SYSTICK_Config)
    HW_EscRead                               0x08003a01   Thumb Code   116  9252_hw.o(i.HW_EscRead)
    HW_EscReadIsr                            0x08003a79   Thumb Code   102  9252_hw.o(i.HW_EscReadIsr)
    HW_EscWrite                              0x08003ae1   Thumb Code   116  9252_hw.o(i.HW_EscWrite)
    HW_EscWriteIsr                           0x08003b59   Thumb Code   102  9252_hw.o(i.HW_EscWriteIsr)
    HW_GetALEventRegister                    0x08003bc1   Thumb Code    12  9252_hw.o(i.HW_GetALEventRegister)
    HW_GetALEventRegister_Isr                0x08003bd1   Thumb Code    12  9252_hw.o(i.HW_GetALEventRegister_Isr)
    HW_Init                                  0x08003be1   Thumb Code    82  9252_hw.o(i.HW_Init)
    HW_ResetALEventMask                      0x08003c35   Thumb Code    50  9252_hw.o(i.HW_ResetALEventMask)
    HandleCycleTimeMeasurement               0x08003c6d   Thumb Code    88  ecatappl.o(i.HandleCycleTimeMeasurement)
    HardFault_Handler                        0x08003cd5   Thumb Code     4  stm32f1xx_it.o(i.HardFault_Handler)
    MBX_CheckAndCopyMailbox                  0x08003ced   Thumb Code   240  mailbox.o(i.MBX_CheckAndCopyMailbox)
    MBX_CopyToSendMailbox                    0x08003dfd   Thumb Code   180  mailbox.o(i.MBX_CopyToSendMailbox)
    MBX_Init                                 0x08003ed1   Thumb Code   142  mailbox.o(i.MBX_Init)
    MBX_MailboxReadInd                       0x08003fa5   Thumb Code   242  mailbox.o(i.MBX_MailboxReadInd)
    MBX_MailboxRepeatReq                     0x080040b5   Thumb Code    82  mailbox.o(i.MBX_MailboxRepeatReq)
    MBX_MailboxSendReq                       0x0800411d   Thumb Code   132  mailbox.o(i.MBX_MailboxSendReq)
    MBX_MailboxWriteInd                      0x080041b1   Thumb Code   116  mailbox.o(i.MBX_MailboxWriteInd)
    MBX_Main                                 0x0800422d   Thumb Code   102  mailbox.o(i.MBX_Main)
    MBX_StartMailboxHandler                  0x080042a5   Thumb Code   192  mailbox.o(i.MBX_StartMailboxHandler)
    MBX_StopMailboxHandler                   0x08004381   Thumb Code   238  mailbox.o(i.MBX_StopMailboxHandler)
    MailboxServiceInd                        0x08004631   Thumb Code    64  mailbox.o(i.MailboxServiceInd)
    MainInit                                 0x08004671   Thumb Code   174  ecatappl.o(i.MainInit)
    MainLoop                                 0x08004755   Thumb Code   144  ecatappl.o(i.MainLoop)
    MemManage_Handler                        0x08004809   Thumb Code     4  stm32f1xx_it.o(i.MemManage_Handler)
    NMI_Handler                              0x0800480d   Thumb Code     2  stm32f1xx_it.o(i.NMI_Handler)
    OBJ_CopyNumberToString                   0x0800480f   Thumb Code    60  objdef.o(i.OBJ_CopyNumberToString)
    OBJ_GetDesc                              0x0800484d   Thumb Code   212  objdef.o(i.OBJ_GetDesc)
    OBJ_GetEntryDesc                         0x08004925   Thumb Code    38  objdef.o(i.OBJ_GetEntryDesc)
    OBJ_GetEntryOffset                       0x0800494b   Thumb Code   262  objdef.o(i.OBJ_GetEntryOffset)
    OBJ_GetNoOfObjects                       0x08004a51   Thumb Code   100  objdef.o(i.OBJ_GetNoOfObjects)
    OBJ_GetObjDesc                           0x08004ab5   Thumb Code     8  objdef.o(i.OBJ_GetObjDesc)
    OBJ_GetObjectHandle                      0x08004abd   Thumb Code    32  objdef.o(i.OBJ_GetObjectHandle)
    OBJ_GetObjectLength                      0x08004add   Thumb Code   156  objdef.o(i.OBJ_GetObjectLength)
    OBJ_GetObjectList                        0x08004b79   Thumb Code   184  objdef.o(i.OBJ_GetObjectList)
    OBJ_Read                                 0x08004c35   Thumb Code  1140  objdef.o(i.OBJ_Read)
    OBJ_Write                                0x080050a9   Thumb Code  1310  objdef.o(i.OBJ_Write)
    PDI_Isr                                  0x080055c9   Thumb Code   232  ecatappl.o(i.PDI_Isr)
    PDO_InputMapping                         0x080056e1   Thumb Code   102  ecatappl.o(i.PDO_InputMapping)
    PDO_OutputMapping                        0x0800575d   Thumb Code   114  ecatappl.o(i.PDO_OutputMapping)
    PendSV_Handler                           0x080057f1   Thumb Code     2  stm32f1xx_it.o(i.PendSV_Handler)
    PutInEmptyEmcyQueue                      0x080057f5   Thumb Code    36  emcy.o(i.PutInEmptyEmcyQueue)
    PutInMbxQueue                            0x0800581d   Thumb Code    44  mailbox.o(i.PutInMbxQueue)
    PutInSendEmcyQueue                       0x08005849   Thumb Code    36  emcy.o(i.PutInSendEmcyQueue)
    Read0x10F8                               0x08005899   Thumb Code    74  coeappl.o(i.Read0x10F8)
    ResetALEventMask                         0x080058e9   Thumb Code    40  ecatslv.o(i.ResetALEventMask)
    SDOS_SdoInd                              0x08005911   Thumb Code  1112  sdoserv.o(i.SDOS_SdoInd)
    SDOS_SdoInfoInd                          0x08005d69   Thumb Code   712  sdoserv.o(i.SDOS_SdoInfoInd)
    SDOS_SdoRes                              0x0800604d   Thumb Code   194  sdoserv.o(i.SDOS_SdoRes)
    SODS_ClearPendingResponse                0x08006139   Thumb Code   120  sdoserv.o(i.SODS_ClearPendingResponse)
    SPI2_IRQHandler                          0x080061e9   Thumb Code    10  stm32f1xx_it.o(i.SPI2_IRQHandler)
    SPIRead                                  0x080061f9   Thumb Code    34  spidriver.o(i.SPIRead)
    SPIReadBurstMode                         0x08006225   Thumb Code    38  spidriver.o(i.SPIReadBurstMode)
    SPIReadDRegister                         0x0800624b   Thumb Code    38  spidriver.o(i.SPIReadDRegister)
    SPIReadDWord                             0x08006271   Thumb Code    92  spidriver.o(i.SPIReadDWord)
    SPIReadPDRamRegister                     0x080062d1   Thumb Code   278  spidriver.o(i.SPIReadPDRamRegister)
    SPIReadRegUsingCSR                       0x080063ed   Thumb Code   110  spidriver.o(i.SPIReadRegUsingCSR)
    SPISendAddr                              0x0800645b   Thumb Code    24  spidriver.o(i.SPISendAddr)
    SPIWrite                                 0x08006475   Thumb Code    30  spidriver.o(i.SPIWrite)
    SPIWriteBurstMode                        0x0800649d   Thumb Code    40  spidriver.o(i.SPIWriteBurstMode)
    SPIWriteDWord                            0x080064c5   Thumb Code    88  spidriver.o(i.SPIWriteDWord)
    SPIWritePDRamRegister                    0x08006521   Thumb Code   280  spidriver.o(i.SPIWritePDRamRegister)
    SPIWriteRegUsingCSR                      0x0800663d   Thumb Code   110  spidriver.o(i.SPIWriteRegUsingCSR)
    SPIWriteRegister                         0x080066ab   Thumb Code    38  spidriver.o(i.SPIWriteRegister)
    SVC_Handler                              0x08006a0d   Thumb Code     2  stm32f1xx_it.o(i.SVC_Handler)
    SdoRes                                   0x08006cb5   Thumb Code   214  sdoserv.o(i.SdoRes)
    SendFragment                             0x08006f35   Thumb Code   346  ecateoe.o(i.SendFragment)
    SendSmFailedEmergency                    0x080070bd   Thumb Code   232  ecatslv.o(i.SendSmFailedEmergency)
    SetALEventMask                           0x080071b1   Thumb Code    40  ecatslv.o(i.SetALEventMask)
    SetALStatus                              0x080071d9   Thumb Code   194  ecatslv.o(i.SetALStatus)
    StartInputHandler                        0x080072ad   Thumb Code  1504  ecatslv.o(i.StartInputHandler)
    StartOutputHandler                       0x080078cd   Thumb Code    54  ecatslv.o(i.StartOutputHandler)
    StopInputHandler                         0x08007921   Thumb Code   140  ecatslv.o(i.StopInputHandler)
    StopOutputHandler                        0x08007a01   Thumb Code    12  ecatslv.o(i.StopOutputHandler)
    SysTick_Handler                          0x08007a15   Thumb Code     8  stm32f1xx_it.o(i.SysTick_Handler)
    SystemClock_Config                       0x08007a1d   Thumb Code   102  main.o(i.SystemClock_Config)
    SystemInit                               0x08007a83   Thumb Code     2  system_stm32f1xx.o(i.SystemInit)
    UpdateEEPROMLoadedState                  0x08007a85   Thumb Code    54  ecatslv.o(i.UpdateEEPROMLoadedState)
    UsageFault_Handler                       0x08007ac1   Thumb Code     4  stm32f1xx_it.o(i.UsageFault_Handler)
    __scatterload_copy                       0x08007afd   Thumb Code    14  handlers.o(i.__scatterload_copy)
    __scatterload_null                       0x08007b0b   Thumb Code     2  handlers.o(i.__scatterload_null)
    __scatterload_zeroinit                   0x08007b0d   Thumb Code    14  handlers.o(i.__scatterload_zeroinit)
    free                                     0x08007b1d   Thumb Code    76  malloc.o(i.free)
    main                                     0x08007b6d   Thumb Code    86  main.o(i.main)
    malloc                                   0x08007bdd   Thumb Code    92  malloc.o(i.malloc)
    asEntryDesc0x1601                        0x08007c48   Data          12  coeappl.o(.constdata)
    aName0x1601                              0x08007c54   Data          49  coeappl.o(.constdata)
    asEntryDesc0x1A00                        0x08007c86   Data          12  coeappl.o(.constdata)
    aName0x1A00                              0x08007c92   Data          48  coeappl.o(.constdata)
    asEntryDesc0x1C12                        0x08007cc2   Data          12  coeappl.o(.constdata)
    aName0x1C12                              0x08007cce   Data          27  coeappl.o(.constdata)
    asEntryDesc0x1C13                        0x08007cea   Data          12  coeappl.o(.constdata)
    aName0x1C13                              0x08007cf6   Data          27  coeappl.o(.constdata)
    sEntryDesc0x6001                         0x08007d12   Data           6  coeappl.o(.constdata)
    aName0x6001                              0x08007d18   Data          14  coeappl.o(.constdata)
    sEntryDesc0x7010                         0x08007d26   Data           6  coeappl.o(.constdata)
    aName0x7010                              0x08007d2c   Data          15  coeappl.o(.constdata)
    sEntryDesc0x1000                         0x08007d3c   Data           6  coeappl.o(.constdata)
    aName0x1000                              0x08007d42   Data          12  coeappl.o(.constdata)
    sEntryDesc0x1001                         0x08007d4e   Data           6  coeappl.o(.constdata)
    aName0x1001                              0x08007d54   Data          15  coeappl.o(.constdata)
    sEntryDesc0x1008                         0x08007d64   Data           6  coeappl.o(.constdata)
    aName0x1008                              0x08007d6a   Data          12  coeappl.o(.constdata)
    sEntryDesc0x1009                         0x08007d76   Data           6  coeappl.o(.constdata)
    aName0x1009                              0x08007d7c   Data          17  coeappl.o(.constdata)
    sEntryDesc0x100A                         0x08007d8e   Data           6  coeappl.o(.constdata)
    aName0x100A                              0x08007d94   Data          17  coeappl.o(.constdata)
    asEntryDesc0x1018                        0x08007da6   Data          30  coeappl.o(.constdata)
    aName0x1018                              0x08007dc4   Data          57  coeappl.o(.constdata)
    asEntryDesc0x10F1                        0x08007dfe   Data          18  coeappl.o(.constdata)
    aName0x10F1                              0x08007e10   Data          63  coeappl.o(.constdata)
    sEntryDesc0x10F8                         0x08007e50   Data           6  coeappl.o(.constdata)
    aName0x10F8                              0x08007e56   Data          19  coeappl.o(.constdata)
    asEntryDesc0x1C00                        0x08007e6a   Data          12  coeappl.o(.constdata)
    aName0x1C00                              0x08007e76   Data          18  coeappl.o(.constdata)
    asEntryDesc0x1C3x                        0x08007e88   Data         198  coeappl.o(.constdata)
    aName0x1C32                              0x08007f4e   Data         256  coeappl.o(.constdata)
    aName0x1C33                              0x0800804e   Data         255  coeappl.o(.constdata)
    acEmcyCoeHeader                          0x0800814e   Data           8  emcy.o(.constdata)
    cBitMask                                 0x08008156   Data          32  objdef.o(.constdata)
    cAbortCode                               0x08008178   Data         120  sdoserv.o(.constdata)
    AHBPrescTable                            0x080081f0   Data          16  system_stm32f1xx.o(.constdata)
    APBPrescTable                            0x08008200   Data           8  system_stm32f1xx.o(.constdata)
    Region$$Table$$Base                      0x08008208   Number         0  anon$$obj.o(Region$$Table)
    Region$$Table$$Limit                     0x08008228   Number         0  anon$$obj.o(Region$$Table)
    u64Timestamp                             0x20000000   Data           8  coeappl.o(.data)
    u32LastDc32Value                         0x20000008   Data           4  coeappl.o(.data)
    u32CheckForDcOverrunCnt                  0x2000000c   Data           4  coeappl.o(.data)
    ApplicationObjDic                        0x20000010   Data         280  coeappl.o(.data)
    u32Devicetype                            0x20000128   Data           4  coeappl.o(.data)
    u16ErrorRegister                         0x2000012c   Data           2  coeappl.o(.data)
    acDevicename                             0x2000012e   Data          21  coeappl.o(.data)
    acHardwareversion                        0x20000143   Data           4  coeappl.o(.data)
    acSoftwareversion                        0x20000147   Data           4  coeappl.o(.data)
    sIdentity                                0x2000014c   Data          20  coeappl.o(.data)
    sSyncmanagertype                         0x20000160   Data           6  coeappl.o(.data)
    ObjDicList                               0x20000168   Data           4  coeappl.o(.data)
    GenObjDic                                0x2000016c   Data         480  coeappl.o(.data)
    bEcatWaitForInputUpdate                  0x2000034c   Data           1  ecatappl.o(.data)
    bEtherCATRunLed                          0x2000034d   Data           1  ecatappl.o(.data)
    bEtherCATErrorLed                        0x2000034e   Data           1  ecatappl.o(.data)
    bRunApplication                          0x2000034f   Data           1  ecatappl.o(.data)
    pAPPL_EoeReceive                         0x20000350   Data           4  ecatappl.o(.data)
    pAPPL_EoeSettingInd                      0x20000354   Data           4  ecatappl.o(.data)
    pAPPL_FoeRead                            0x20000358   Data           4  ecatappl.o(.data)
    pAPPL_FoeReadData                        0x2000035c   Data           4  ecatappl.o(.data)
    pAPPL_FoeError                           0x20000360   Data           4  ecatappl.o(.data)
    pAPPL_FoeWrite                           0x20000364   Data           4  ecatappl.o(.data)
    pAPPL_FoeWriteData                       0x20000368   Data           4  ecatappl.o(.data)
    pAPPL_MainLoop                           0x2000036c   Data           4  ecatappl.o(.data)
    u32CycleTimeStartValue                   0x20000370   Data           4  ecatappl.o(.data)
    u32MinCycleTimeStartValue                0x20000374   Data           4  ecatappl.o(.data)
    u32SystemTimeReadFailure                 0x20000378   Data           4  ecatappl.o(.data)
    bMinCycleTimeMeasurementStarted          0x2000037c   Data           1  ecatappl.o(.data)
    u32MinCycleTimeValue                     0x20000380   Data           4  ecatappl.o(.data)
    aPdOutputData                            0x20000384   Data           8  ecatappl.o(.data)
    aPdInputData                             0x2000038c   Data           8  ecatappl.o(.data)
    bInitFinished                            0x20000394   Data           1  ecatappl.o(.data)
    pCoeSendStored                           0x200003a0   Data           4  ecatcoe.o(.data)
    bEoESendFramePending                     0x200003a4   Data           1  ecateoe.o(.data)
    pEoeSendStored                           0x200003a8   Data           4  ecateoe.o(.data)
    pEthernetSendFrame                       0x200003ac   Data           4  ecateoe.o(.data)
    u16EthernetSendSize                      0x200003b0   Data           2  ecateoe.o(.data)
    u8SendFragmentNo                         0x200003b2   Data           1  ecateoe.o(.data)
    u16EthernetSendOffset                    0x200003b4   Data           2  ecateoe.o(.data)
    u16SendFrameNo                           0x200003b6   Data           2  ecateoe.o(.data)
    u8ReceiveFragmentNo                      0x200003b8   Data           1  ecateoe.o(.data)
    u16EthernetReceiveSize                   0x200003ba   Data           2  ecateoe.o(.data)
    u16EthernetReceiveOffset                 0x200003bc   Data           2  ecateoe.o(.data)
    u16ReceiveFrameNo                        0x200003be   Data           2  ecateoe.o(.data)
    pEthernetReceiveFrame                    0x200003c0   Data           4  ecateoe.o(.data)
    u32PacketNo                              0x200003c4   Data           4  ecatfoe.o(.data)
    u32FileOffset                            0x200003c8   Data           4  ecatfoe.o(.data)
    u32LastFileOffset                        0x200003cc   Data           4  ecatfoe.o(.data)
    u16FileAccessState                       0x200003d0   Data           2  ecatfoe.o(.data)
    pFoeSendStored                           0x200003d4   Data           4  ecatfoe.o(.data)
    u16FoeMaxSendBlockSize                   0x200003d8   Data           2  ecatfoe.o(.data)
    bEcatOutputUpdateRunning                 0x200003dc   Data           1  ecatslv.o(.data)
    bEcatInputUpdateRunning                  0x200003dd   Data           1  ecatslv.o(.data)
    bEcatFirstOutputsReceived                0x200003de   Data           1  ecatslv.o(.data)
    bWdTrigger                               0x200003df   Data           1  ecatslv.o(.data)
    bDcSyncActive                            0x200003e0   Data           1  ecatslv.o(.data)
    EsmTimeoutCounter                        0x200003e2   Data           2  ecatslv.o(.data)
    bDcRunning                               0x200003e4   Data           1  ecatslv.o(.data)
    u16SmSync0Counter                        0x200003e6   Data           2  ecatslv.o(.data)
    u16SmSync0Value                          0x200003e8   Data           2  ecatslv.o(.data)
    bSmSyncSequenceValid                     0x200003ea   Data           1  ecatslv.o(.data)
    i16WaitForPllRunningTimeout              0x200003ec   Data           2  ecatslv.o(.data)
    i16WaitForPllRunningCnt                  0x200003ee   Data           2  ecatslv.o(.data)
    Sync0WdCounter                           0x200003f0   Data           2  ecatslv.o(.data)
    Sync0WdValue                             0x200003f2   Data           2  ecatslv.o(.data)
    Sync1WdCounter                           0x200003f4   Data           2  ecatslv.o(.data)
    Sync1WdValue                             0x200003f6   Data           2  ecatslv.o(.data)
    LatchInputSync0Value                     0x200003f8   Data           2  ecatslv.o(.data)
    LatchInputSync0Counter                   0x200003fa   Data           2  ecatslv.o(.data)
    b32BitDc                                 0x200003fc   Data           1  ecatslv.o(.data)
    bEscIntEnabled                           0x200003fd   Data           1  ecatslv.o(.data)
    b3BufferMode                             0x200003fe   Data           1  ecatslv.o(.data)
    bLocalErrorFlag                          0x200003ff   Data           1  ecatslv.o(.data)
    u16LocalErrorCode                        0x20000400   Data           2  ecatslv.o(.data)
    bApplEsmPending                          0x20000402   Data           1  ecatslv.o(.data)
    bEcatWaitForAlControlRes                 0x20000403   Data           1  ecatslv.o(.data)
    nEcatStateTrans                          0x20000404   Data           2  ecatslv.o(.data)
    u8EcatErrorLed                           0x20000406   Data           1  ecatslv.o(.data)
    u8EcatRunLed                             0x20000407   Data           1  ecatslv.o(.data)
    nPdInputSize                             0x20000408   Data           2  ecatslv.o(.data)
    nPdOutputSize                            0x2000040a   Data           2  ecatslv.o(.data)
    nMaxSyncMan                              0x2000040c   Data           1  ecatslv.o(.data)
    nMaxEscAddress                           0x2000040e   Data           2  ecatslv.o(.data)
    nAlStatus                                0x20000410   Data           1  ecatslv.o(.data)
    bExplicitDevIdRequested                  0x20000411   Data           1  ecatslv.o(.data)
    EcatWdValue                              0x20000412   Data           2  ecatslv.o(.data)
    nEscAddrOutputData                       0x20000414   Data           2  ecatslv.o(.data)
    nEscAddrInputData                        0x20000416   Data           2  ecatslv.o(.data)
    u16ALEventMask                           0x20000418   Data           2  ecatslv.o(.data)
    u32dummy                                 0x2000041c   Data           4  ecatslv.o(.data)
    SMActivate                               0x20000420   Data           4  ecatslv.o(.data)
    SyncManInfo                              0x20000424   Data           8  ecatslv.o(.data)
    EepromLoaded                             0x2000042c   Data           1  ecatslv.o(.data)
    asEmcy                                   0x2000042e   Data           8  emcy.o(.data)
    aIpAdd                                   0x20000436   Data           4  eoeappl.o(.data)
    aSubNetMask                              0x2000043a   Data           4  eoeappl.o(.data)
    aDefaultGateway                          0x2000043e   Data           4  eoeappl.o(.data)
    aDnsIp                                   0x20000442   Data           4  eoeappl.o(.data)
    aMacAdd                                  0x20000446   Data           6  eoeappl.o(.data)
    bReceiveMbxIsLocked                      0x2000044c   Data           1  mailbox.o(.data)
    bSendMbxIsFull                           0x2000044d   Data           1  mailbox.o(.data)
    bMbxRunning                              0x2000044e   Data           1  mailbox.o(.data)
    bMbxRepeatToggle                         0x2000044f   Data           1  mailbox.o(.data)
    u16SendMbxSize                           0x20000450   Data           2  mailbox.o(.data)
    u16ReceiveMbxSize                        0x20000452   Data           2  mailbox.o(.data)
    u16EscAddrReceiveMbx                     0x20000454   Data           2  mailbox.o(.data)
    u16EscAddrSendMbx                        0x20000456   Data           2  mailbox.o(.data)
    u8MbxWriteCounter                        0x20000458   Data           1  mailbox.o(.data)
    u8MbxReadCounter                         0x20000459   Data           1  mailbox.o(.data)
    u8MailboxSendReqStored                   0x2000045a   Data           1  mailbox.o(.data)
    psWriteMbx                               0x2000045c   Data           4  mailbox.o(.data)
    psReadMbx                                0x20000460   Data           4  mailbox.o(.data)
    psRepeatMbx                              0x20000464   Data           4  mailbox.o(.data)
    psStoreMbx                               0x20000468   Data           4  mailbox.o(.data)
    bNoMbxMemoryAvailable                    0x2000046c   Data           1  mailbox.o(.data)
    bSyncSetByUser                           0x20000470   Data           1  objdef.o(.data)
    sCycleDiag                               0x20000472   Data           2  objdef.o(.data)
    sErrorSettings                           0x20000474   Data          12  objdef.o(.data)
    aSubindexDesc                            0x20000480   Data          13  objdef.o(.data)
    GPIO_OUTPUTSProcessDataMapping0x1601     0x20000490   Data           8  pic32_mchp_gpio_sample_app.o(.data)
    GPIO_INPUTSProcessDataMapping0x1A00      0x20000498   Data           8  pic32_mchp_gpio_sample_app.o(.data)
    sRxPDOassign                             0x200004a0   Data           4  pic32_mchp_gpio_sample_app.o(.data)
    sTxPDOassign                             0x200004a4   Data           4  pic32_mchp_gpio_sample_app.o(.data)
    GPIO_INPUTS0x6001                        0x200004a8   Data           4  pic32_mchp_gpio_sample_app.o(.data)
    GPIO_OUTPUTS0x7010                       0x200004ac   Data           4  pic32_mchp_gpio_sample_app.o(.data)
    u8PendingSdo                             0x200004b0   Data           1  sdoserv.o(.data)
    bStoreCompleteAccess                     0x200004b1   Data           1  sdoserv.o(.data)
    u8StoreSubindex                          0x200004b2   Data           1  sdoserv.o(.data)
    u16StoreIndex                            0x200004b4   Data           2  sdoserv.o(.data)
    u32StoreDataSize                         0x200004b8   Data           4  sdoserv.o(.data)
    pStoreData                               0x200004bc   Data           4  sdoserv.o(.data)
    pSdoPendFunc                             0x200004c0   Data           4  sdoserv.o(.data)
    pSdoSegData                              0x200004c4   Data           4  sdoserv.o(.data)
    nSdoInfoFragmentsLeft                    0x200004c8   Data           2  sdoserv.o(.data)
    nSdoInfoIndex                            0x200004ca   Data           2  sdoserv.o(.data)
    pSdoInfoObjEntry                         0x200004cc   Data           4  sdoserv.o(.data)
    pSdoResStored                            0x200004d0   Data           4  sdoserv.o(.data)
    bSdoInWork                               0x200004d4   Data           1  sdoserv.o(.data)
    nSdoSegService                           0x200004d5   Data           1  sdoserv.o(.data)
    bSdoSegFollows                           0x200004d6   Data           1  sdoserv.o(.data)
    bSdoSegAccess                            0x200004d7   Data           1  sdoserv.o(.data)
    nSdoSegIndex                             0x200004d8   Data           2  sdoserv.o(.data)
    nSdoSegSubindex                          0x200004da   Data           1  sdoserv.o(.data)
    nSdoSegBytesToHandle                     0x200004dc   Data           4  sdoserv.o(.data)
    bSdoSegLastToggle                        0x200004e0   Data           1  sdoserv.o(.data)
    nSdoSegCompleteSize                      0x200004e4   Data           4  sdoserv.o(.data)
    pSdoSegObjEntry                          0x200004e8   Data           4  sdoserv.o(.data)
    bEscInterrupt                            0x200004ec   Data           1  9252_hw.o(.data)
    bSync0Interrupt                          0x200004ed   Data           1  9252_hw.o(.data)
    bSync1Interrupt                          0x200004ee   Data           1  9252_hw.o(.data)
    bTimer5Interrupt                         0x200004ef   Data           1  9252_hw.o(.data)
    EscALEvent                               0x200004f0   Data           2  9252_hw.o(.data)
    nAlEventMask                             0x200004f2   Data           2  9252_hw.o(.data)
    TmpSyncMan                               0x200004f4   Data           8  9252_hw.o(.data)
    rx_end_flag                              0x200004fc   Data           4  spidriver.o(.data)
    tx_end_flag                              0x20000500   Data           4  spidriver.o(.data)
    cnt                                      0x20000504   Data           4  main.o(.data)
    uwTick                                   0x20000508   Data           4  stm32f1xx_hal.o(.data)
    uwTickPrio                               0x2000050c   Data           4  stm32f1xx_hal.o(.data)
    uwTickFreq                               0x20000510   Data           1  stm32f1xx_hal.o(.data)
    SystemCoreClock                          0x20000514   Data           4  system_stm32f1xx.o(.data)
    __microlib_freelist                      0x20000518   Data           4  mvars.o(.data)
    __microlib_freelist_initialised          0x2000051c   Data           4  mvars.o(.data)
    sSendEmcyQueue                           0x20000520   Data          16  emcy.o(.bss)
    sEmptyEmcyQueue                          0x20000530   Data          16  emcy.o(.bss)
    sMbxSendQueue                            0x20000540   Data          52  mailbox.o(.bss)
    sMbxReceiveQueue                         0x20000574   Data          52  mailbox.o(.bss)
    sSyncManOutPar                           0x200005a8   Data          68  objdef.o(.bss)
    sSyncManInPar                            0x200005ec   Data          68  objdef.o(.bss)
    aSdoInfoHeader                           0x20000630   Data          16  sdoserv.o(.bss)
    hspi2                                    0x20000640   Data          88  main.o(.bss)
    hdma_spi2_rx                             0x20000698   Data          68  main.o(.bss)
    hdma_spi2_tx                             0x200006dc   Data          68  main.o(.bss)
    __heap_base                              0x20000720   Data           0  startup_stm32f103xg.o(HEAP)
    __heap_limit                             0x20000920   Data           0  startup_stm32f103xg.o(HEAP)
    __initial_sp                             0x20000d20   Data           0  startup_stm32f103xg.o(STACK)



==============================================================================

Memory Map of the image

  Image Entry point : 0x08000131

  Load Region LR_IROM1 (Base: 0x08000000, Size: 0x00008748, Max: 0x00100000, ABSOLUTE, COMPRESSED[0x0000839c])

    Execution Region ER_IROM1 (Base: 0x08000000, Size: 0x00008228, Max: 0x00100000, ABSOLUTE)

    Base Addr    Size         Type   Attr      Idx    E Section Name        Object

    0x08000000   0x00000130   Data   RO            3    RESET               startup_stm32f103xg.o
    0x08000130   0x00000000   Code   RO         3197  * .ARM.Collect$$$$00000000  mc_w.l(entry.o)
    0x08000130   0x00000004   Code   RO         3238    .ARM.Collect$$$$00000001  mc_w.l(entry2.o)
    0x08000134   0x00000004   Code   RO         3241    .ARM.Collect$$$$00000004  mc_w.l(entry5.o)
    0x08000138   0x00000000   Code   RO         3243    .ARM.Collect$$$$00000008  mc_w.l(entry7b.o)
    0x08000138   0x00000000   Code   RO         3245    .ARM.Collect$$$$0000000A  mc_w.l(entry8b.o)
    0x08000138   0x00000008   Code   RO         3246    .ARM.Collect$$$$0000000B  mc_w.l(entry9a.o)
    0x08000140   0x00000000   Code   RO         3248    .ARM.Collect$$$$0000000D  mc_w.l(entry10a.o)
    0x08000140   0x00000000   Code   RO         3250    .ARM.Collect$$$$0000000F  mc_w.l(entry11a.o)
    0x08000140   0x00000004   Code   RO         3239    .ARM.Collect$$$$00002712  mc_w.l(entry2.o)
    0x08000144   0x00000024   Code   RO            4    .text               startup_stm32f103xg.o
    0x08000168   0x00000024   Code   RO         3202    .text               mc_w.l(memcpya.o)
    0x0800018c   0x00000024   Code   RO         3204    .text               mc_w.l(memseta.o)
    0x080001b0   0x0000000e   Code   RO         3206    .text               mc_w.l(strlen.o)
    0x080001be   0x00000002   PAD
    0x080001c0   0x00000024   Code   RO         3254    .text               mc_w.l(init.o)
    0x080001e4   0x00000056   Code   RO         3264    .text               mc_w.l(__dczerorl2.o)
    0x0800023a   0x00000002   PAD
    0x0800023c   0x00000468   Code   RO          508    i.AL_ControlInd     ecatslv.o
    0x080006a4   0x00000220   Code   RO          509    i.AL_ControlRes     ecatslv.o
    0x080008c4   0x00000002   Code   RO         1121    i.APPL_AckErrorInd  pic32_mchp_gpio_sample_app.o
    0x080008c6   0x00000002   Code   RO         1122    i.APPL_Application  pic32_mchp_gpio_sample_app.o
    0x080008c8   0x000000f4   Code   RO         1123    i.APPL_GenerateMapping  pic32_mchp_gpio_sample_app.o
    0x080009bc   0x00000004   Code   RO         1124    i.APPL_GetDeviceID  pic32_mchp_gpio_sample_app.o
    0x080009c0   0x0000001c   Code   RO         1125    i.APPL_InputMapping  pic32_mchp_gpio_sample_app.o
    0x080009dc   0x0000001c   Code   RO         1126    i.APPL_OutputMapping  pic32_mchp_gpio_sample_app.o
    0x080009f8   0x00000006   Code   RO         1127    i.APPL_StartInputHandler  pic32_mchp_gpio_sample_app.o
    0x080009fe   0x00000004   Code   RO         1128    i.APPL_StartMailboxHandler  pic32_mchp_gpio_sample_app.o
    0x08000a02   0x00000004   Code   RO         1129    i.APPL_StartOutputHandler  pic32_mchp_gpio_sample_app.o
    0x08000a06   0x00000004   Code   RO         1130    i.APPL_StopInputHandler  pic32_mchp_gpio_sample_app.o
    0x08000a0a   0x00000004   Code   RO         1131    i.APPL_StopMailboxHandler  pic32_mchp_gpio_sample_app.o
    0x08000a0e   0x00000004   Code   RO         1132    i.APPL_StopOutputHandler  pic32_mchp_gpio_sample_app.o
    0x08000a12   0x00000028   Code   RO           13    i.AddObjectsToObjDictionary  coeappl.o
    0x08000a3a   0x00000002   PAD
    0x08000a3c   0x0000000c   Code   RO          510    i.BackToInitTransition  ecatslv.o
    0x08000a48   0x00000004   Code   RO         1608    i.BusFault_Handler  stm32f1xx_it.o
    0x08000a4c   0x00000090   Code   RO           14    i.COE_AddObjectToDic  coeappl.o
    0x08000adc   0x00000024   Code   RO           15    i.COE_ClearObjDictionary  coeappl.o
    0x08000b00   0x00000048   Code   RO          374    i.COE_ContinueInd   ecatcoe.o
    0x08000b48   0x0000000c   Code   RO           16    i.COE_GetObjectDictionary  coeappl.o
    0x08000b54   0x00000014   Code   RO          375    i.COE_Init          ecatcoe.o
    0x08000b68   0x000000bc   Code   RO           17    i.COE_Main          coeappl.o
    0x08000c24   0x00000030   Code   RO           18    i.COE_ObjDictionaryInit  coeappl.o
    0x08000c54   0x000000fc   Code   RO           19    i.COE_ObjInit       coeappl.o
    0x08000d50   0x00000044   Code   RO           20    i.COE_RemoveDicEntry  coeappl.o
    0x08000d94   0x00000048   Code   RO          376    i.COE_ServiceInd    ecatcoe.o
    0x08000ddc   0x00000078   Code   RO           21    i.COE_SyncTimeStamp  coeappl.o
    0x08000e54   0x0000005c   Code   RO           22    i.COE_UpdateSyncErrorStatus  coeappl.o
    0x08000eb0   0x00000090   Code   RO          511    i.CheckIfEcatError  ecatslv.o
    0x08000f40   0x000002a4   Code   RO          512    i.CheckSmSettings   ecatslv.o
    0x080011e4   0x00000104   Code   RO         1014    i.CheckSyncTypeValue  objdef.o
    0x080012e8   0x00000018   Code   RO         1609    i.DMA1_Channel4_IRQHandler  stm32f1xx_it.o
    0x08001300   0x00000018   Code   RO         1610    i.DMA1_Channel5_IRQHandler  stm32f1xx_it.o
    0x08001318   0x0000002c   Code   RO         2480    i.DMA_SetConfig     stm32f1xx_hal_dma.o
    0x08001344   0x00000002   Code   RO         1611    i.DebugMon_Handler  stm32f1xx_it.o
    0x08001346   0x00000032   Code   RO          514    i.DisableSyncManChannel  ecatslv.o
    0x08001378   0x00000034   Code   RO          232    i.ECAT_Application  ecatappl.o
    0x080013ac   0x00000124   Code   RO          515    i.ECAT_Init         ecatslv.o
    0x080014d0   0x0000015c   Code   RO          516    i.ECAT_Main         ecatslv.o
    0x0800162c   0x00000014   Code   RO          682    i.EMCY_ContinueInd  emcy.o
    0x08001640   0x0000000c   Code   RO          683    i.EMCY_GetEmcyBuffer  emcy.o
    0x0800164c   0x00000070   Code   RO          684    i.EMCY_Init         emcy.o
    0x080016bc   0x00000018   Code   RO          685    i.EMCY_IsQueueEmpty  emcy.o
    0x080016d4   0x00000084   Code   RO          686    i.EMCY_SendEmergency  emcy.o
    0x08001758   0x00000064   Code   RO          762    i.EOEAPPL_GetSettingsInd  eoeappl.o
    0x080017bc   0x0000001c   Code   RO          763    i.EOEAPPL_ReceiveFrameInd  eoeappl.o
    0x080017d8   0x00000100   Code   RO          764    i.EOEAPPL_SettingsInd  eoeappl.o
    0x080018d8   0x00000030   Code   RO          415    i.EOE_ContinueInd   ecateoe.o
    0x08001908   0x00000044   Code   RO          416    i.EOE_Init          ecateoe.o
    0x0800194c   0x000002b4   Code   RO          417    i.EOE_ServiceInd    ecateoe.o
    0x08001c00   0x00000030   Code   RO          518    i.EnableSyncManChannel  ecatslv.o
    0x08001c30   0x00000002   Code   RO         1537    i.Error_Handler     main.o
    0x08001c32   0x00000002   PAD
    0x08001c34   0x0000002c   Code   RO          830    i.FOE_Ack           foeappl.o
    0x08001c60   0x00000012   Code   RO          831    i.FOE_Busy          foeappl.o
    0x08001c72   0x00000002   PAD
    0x08001c74   0x00000020   Code   RO          463    i.FOE_ContinueInd   ecatfoe.o
    0x08001c94   0x00000050   Code   RO          832    i.FOE_Data          foeappl.o
    0x08001ce4   0x00000018   Code   RO          833    i.FOE_Error         foeappl.o
    0x08001cfc   0x0000001c   Code   RO          464    i.FOE_Init          ecatfoe.o
    0x08001d18   0x00000038   Code   RO          834    i.FOE_Read          foeappl.o
    0x08001d50   0x00000298   Code   RO          465    i.FOE_ServiceInd    ecatfoe.o
    0x08001fe8   0x00000028   Code   RO          835    i.FOE_Write         foeappl.o
    0x08002010   0x00000014   Code   RO         1307    i.GetInterruptRegister  9252_hw.o
    0x08002024   0x00000038   Code   RO          687    i.GetOutOfEmptyEmcyQueue  emcy.o
    0x0800205c   0x0000002e   Code   RO          894    i.GetOutOfMbxQueue  mailbox.o
    0x0800208a   0x00000002   PAD
    0x0800208c   0x00000038   Code   RO          688    i.GetOutOfSendEmcyQueue  emcy.o
    0x080020c4   0x0000001c   Code   RO          519    i.GetSyncMan        ecatslv.o
    0x080020e0   0x0000004c   Code   RO          235    i.GetSystemTimeDelay  ecatappl.o
    0x0800212c   0x000001a8   Code   RO         2482    i.HAL_DMA_Abort_IT  stm32f1xx_hal_dma.o
    0x080022d4   0x00000398   Code   RO         2486    i.HAL_DMA_IRQHandler  stm32f1xx_hal_dma.o
    0x0800266c   0x0000008c   Code   RO         2487    i.HAL_DMA_Init      stm32f1xx_hal_dma.o
    0x080026f8   0x0000009c   Code   RO         2491    i.HAL_DMA_Start_IT  stm32f1xx_hal_dma.o
    0x08002794   0x00000340   Code   RO         2417    i.HAL_GPIO_Init     stm32f1xx_hal_gpio.o
    0x08002ad4   0x00000010   Code   RO         2419    i.HAL_GPIO_ReadPin  stm32f1xx_hal_gpio.o
    0x08002ae4   0x00000014   Code   RO         2420    i.HAL_GPIO_TogglePin  stm32f1xx_hal_gpio.o
    0x08002af8   0x0000000c   Code   RO         2421    i.HAL_GPIO_WritePin  stm32f1xx_hal_gpio.o
    0x08002b04   0x0000000c   Code   RO         2108    i.HAL_GetTick       stm32f1xx_hal.o
    0x08002b10   0x00000018   Code   RO         2114    i.HAL_IncTick       stm32f1xx_hal.o
    0x08002b28   0x00000028   Code   RO         2115    i.HAL_Init          stm32f1xx_hal.o
    0x08002b50   0x0000004c   Code   RO         2116    i.HAL_InitTick      stm32f1xx_hal.o
    0x08002b9c   0x00000054   Code   RO         1702    i.HAL_MspInit       stm32f1xx_hal_msp.o
    0x08002bf0   0x00000020   Code   RO         2580    i.HAL_NVIC_EnableIRQ  stm32f1xx_hal_cortex.o
    0x08002c10   0x0000007c   Code   RO         2586    i.HAL_NVIC_SetPriority  stm32f1xx_hal_cortex.o
    0x08002c8c   0x00000028   Code   RO         2587    i.HAL_NVIC_SetPriorityGrouping  stm32f1xx_hal_cortex.o
    0x08002cb4   0x0000018c   Code   RO         2272    i.HAL_RCC_ClockConfig  stm32f1xx_hal_rcc.o
    0x08002e40   0x00000094   Code   RO         2281    i.HAL_RCC_GetSysClockFreq  stm32f1xx_hal_rcc.o
    0x08002ed4   0x00000464   Code   RO         2284    i.HAL_RCC_OscConfig  stm32f1xx_hal_rcc.o
    0x08003338   0x00000002   Code   RO         1782    i.HAL_SPI_ErrorCallback  stm32f1xx_hal_spi.o
    0x0800333a   0x00000002   PAD
    0x0800333c   0x00000134   Code   RO         1785    i.HAL_SPI_IRQHandler  stm32f1xx_hal_spi.o
    0x08003470   0x000000be   Code   RO         1786    i.HAL_SPI_Init      stm32f1xx_hal_spi.o
    0x0800352e   0x00000002   PAD
    0x08003530   0x0000010c   Code   RO         1704    i.HAL_SPI_MspInit   stm32f1xx_hal_msp.o
    0x0800363c   0x0000011c   Code   RO         1790    i.HAL_SPI_Receive_DMA  stm32f1xx_hal_spi.o
    0x08003758   0x00000002   Code   RO         1792    i.HAL_SPI_RxCpltCallback  stm32f1xx_hal_spi.o
    0x0800375a   0x00000002   Code   RO         1793    i.HAL_SPI_RxHalfCpltCallback  stm32f1xx_hal_spi.o
    0x0800375c   0x0000016c   Code   RO         1796    i.HAL_SPI_TransmitReceive_DMA  stm32f1xx_hal_spi.o
    0x080038c8   0x000000fc   Code   RO         1798    i.HAL_SPI_Transmit_DMA  stm32f1xx_hal_spi.o
    0x080039c4   0x00000002   Code   RO         1800    i.HAL_SPI_TxCpltCallback  stm32f1xx_hal_spi.o
    0x080039c6   0x00000002   Code   RO         1801    i.HAL_SPI_TxHalfCpltCallback  stm32f1xx_hal_spi.o
    0x080039c8   0x00000002   Code   RO         1802    i.HAL_SPI_TxRxCpltCallback  stm32f1xx_hal_spi.o
    0x080039ca   0x00000002   Code   RO         1803    i.HAL_SPI_TxRxHalfCpltCallback  stm32f1xx_hal_spi.o
    0x080039cc   0x00000034   Code   RO         2591    i.HAL_SYSTICK_Config  stm32f1xx_hal_cortex.o
    0x08003a00   0x00000078   Code   RO         1310    i.HW_EscRead        9252_hw.o
    0x08003a78   0x00000066   Code   RO         1311    i.HW_EscReadIsr     9252_hw.o
    0x08003ade   0x00000002   PAD
    0x08003ae0   0x00000078   Code   RO         1312    i.HW_EscWrite       9252_hw.o
    0x08003b58   0x00000066   Code   RO         1313    i.HW_EscWriteIsr    9252_hw.o
    0x08003bbe   0x00000002   PAD
    0x08003bc0   0x00000010   Code   RO         1314    i.HW_GetALEventRegister  9252_hw.o
    0x08003bd0   0x00000010   Code   RO         1315    i.HW_GetALEventRegister_Isr  9252_hw.o
    0x08003be0   0x00000052   Code   RO         1317    i.HW_Init           9252_hw.o
    0x08003c32   0x00000002   PAD
    0x08003c34   0x00000038   Code   RO         1319    i.HW_ResetALEventMask  9252_hw.o
    0x08003c6c   0x00000068   Code   RO          236    i.HandleCycleTimeMeasurement  ecatappl.o
    0x08003cd4   0x00000004   Code   RO         1612    i.HardFault_Handler  stm32f1xx_it.o
    0x08003cd8   0x00000014   Code   RO         1322    i.ISR_GetInterruptRegister  9252_hw.o
    0x08003cec   0x00000110   Code   RO          895    i.MBX_CheckAndCopyMailbox  mailbox.o
    0x08003dfc   0x000000d4   Code   RO          896    i.MBX_CopyToSendMailbox  mailbox.o
    0x08003ed0   0x000000d4   Code   RO          897    i.MBX_Init          mailbox.o
    0x08003fa4   0x00000110   Code   RO          898    i.MBX_MailboxReadInd  mailbox.o
    0x080040b4   0x00000068   Code   RO          899    i.MBX_MailboxRepeatReq  mailbox.o
    0x0800411c   0x00000094   Code   RO          900    i.MBX_MailboxSendReq  mailbox.o
    0x080041b0   0x0000007c   Code   RO          901    i.MBX_MailboxWriteInd  mailbox.o
    0x0800422c   0x00000078   Code   RO          902    i.MBX_Main          mailbox.o
    0x080042a4   0x000000dc   Code   RO          903    i.MBX_StartMailboxHandler  mailbox.o
    0x08004380   0x00000124   Code   RO          904    i.MBX_StopMailboxHandler  mailbox.o
    0x080044a4   0x00000044   Code   RO         1538    i.MX_DMA_Init       main.o
    0x080044e8   0x00000104   Code   RO         1539    i.MX_GPIO_Init      main.o
    0x080045ec   0x00000044   Code   RO         1540    i.MX_SPI2_Init      main.o
    0x08004630   0x00000040   Code   RO          905    i.MailboxServiceInd  mailbox.o
    0x08004670   0x000000e4   Code   RO          237    i.MainInit          ecatappl.o
    0x08004754   0x000000b4   Code   RO          238    i.MainLoop          ecatappl.o
    0x08004808   0x00000004   Code   RO         1613    i.MemManage_Handler  stm32f1xx_it.o
    0x0800480c   0x00000002   Code   RO         1614    i.NMI_Handler       stm32f1xx_it.o
    0x0800480e   0x0000003c   Code   RO         1015    i.OBJ_CopyNumberToString  objdef.o
    0x0800484a   0x00000002   PAD
    0x0800484c   0x000000d8   Code   RO         1016    i.OBJ_GetDesc       objdef.o
    0x08004924   0x00000026   Code   RO         1017    i.OBJ_GetEntryDesc  objdef.o
    0x0800494a   0x00000106   Code   RO         1018    i.OBJ_GetEntryOffset  objdef.o
    0x08004a50   0x00000064   Code   RO         1019    i.OBJ_GetNoOfObjects  objdef.o
    0x08004ab4   0x00000008   Code   RO         1020    i.OBJ_GetObjDesc    objdef.o
    0x08004abc   0x00000020   Code   RO         1021    i.OBJ_GetObjectHandle  objdef.o
    0x08004adc   0x0000009c   Code   RO         1022    i.OBJ_GetObjectLength  objdef.o
    0x08004b78   0x000000bc   Code   RO         1023    i.OBJ_GetObjectList  objdef.o
    0x08004c34   0x00000474   Code   RO         1024    i.OBJ_Read          objdef.o
    0x080050a8   0x0000051e   Code   RO         1025    i.OBJ_Write         objdef.o
    0x080055c6   0x00000002   PAD
    0x080055c8   0x00000118   Code   RO          239    i.PDI_Isr           ecatappl.o
    0x080056e0   0x0000007c   Code   RO          240    i.PDO_InputMapping  ecatappl.o
    0x0800575c   0x00000094   Code   RO          241    i.PDO_OutputMapping  ecatappl.o
    0x080057f0   0x00000002   Code   RO         1615    i.PendSV_Handler    stm32f1xx_it.o
    0x080057f2   0x00000002   PAD
    0x080057f4   0x00000028   Code   RO          689    i.PutInEmptyEmcyQueue  emcy.o
    0x0800581c   0x0000002c   Code   RO          906    i.PutInMbxQueue     mailbox.o
    0x08005848   0x00000028   Code   RO          690    i.PutInSendEmcyQueue  emcy.o
    0x08005870   0x00000028   Code   RO         2285    i.RCC_Delay         stm32f1xx_hal_rcc.o
    0x08005898   0x00000050   Code   RO           23    i.Read0x10F8        coeappl.o
    0x080058e8   0x00000028   Code   RO          520    i.ResetALEventMask  ecatslv.o
    0x08005910   0x00000458   Code   RO         1236    i.SDOS_SdoInd       sdoserv.o
    0x08005d68   0x000002e4   Code   RO         1237    i.SDOS_SdoInfoInd   sdoserv.o
    0x0800604c   0x000000ec   Code   RO         1238    i.SDOS_SdoRes       sdoserv.o
    0x08006138   0x000000b0   Code   RO         1239    i.SODS_ClearPendingResponse  sdoserv.o
    0x080061e8   0x00000010   Code   RO         1616    i.SPI2_IRQHandler   stm32f1xx_it.o
    0x080061f8   0x0000002c   Code   RO         1431    i.SPIRead           spidriver.o
    0x08006224   0x00000026   Code   RO         1432    i.SPIReadBurstMode  spidriver.o
    0x0800624a   0x00000026   Code   RO         1433    i.SPIReadDRegister  spidriver.o
    0x08006270   0x00000060   Code   RO         1434    i.SPIReadDWord      spidriver.o
    0x080062d0   0x0000011c   Code   RO         1435    i.SPIReadPDRamRegister  spidriver.o
    0x080063ec   0x0000006e   Code   RO         1436    i.SPIReadRegUsingCSR  spidriver.o
    0x0800645a   0x00000018   Code   RO         1437    i.SPISendAddr       spidriver.o
    0x08006472   0x00000002   PAD
    0x08006474   0x00000028   Code   RO         1438    i.SPIWrite          spidriver.o
    0x0800649c   0x00000028   Code   RO         1439    i.SPIWriteBurstMode  spidriver.o
    0x080064c4   0x0000005c   Code   RO         1440    i.SPIWriteDWord     spidriver.o
    0x08006520   0x0000011c   Code   RO         1441    i.SPIWritePDRamRegister  spidriver.o
    0x0800663c   0x0000006e   Code   RO         1442    i.SPIWriteRegUsingCSR  spidriver.o
    0x080066aa   0x00000026   Code   RO         1443    i.SPIWriteRegister  spidriver.o
    0x080066d0   0x00000014   Code   RO         1813    i.SPI_DMAAbortOnError  stm32f1xx_hal_spi.o
    0x080066e4   0x00000028   Code   RO         1814    i.SPI_DMAError      stm32f1xx_hal_spi.o
    0x0800670c   0x0000000e   Code   RO         1815    i.SPI_DMAHalfReceiveCplt  stm32f1xx_hal_spi.o
    0x0800671a   0x0000000e   Code   RO         1816    i.SPI_DMAHalfTransmitCplt  stm32f1xx_hal_spi.o
    0x08006728   0x0000000e   Code   RO         1817    i.SPI_DMAHalfTransmitReceiveCplt  stm32f1xx_hal_spi.o
    0x08006736   0x0000007a   Code   RO         1818    i.SPI_DMAReceiveCplt  stm32f1xx_hal_spi.o
    0x080067b0   0x0000007e   Code   RO         1820    i.SPI_DMATransmitCplt  stm32f1xx_hal_spi.o
    0x0800682e   0x00000066   Code   RO         1821    i.SPI_DMATransmitReceiveCplt  stm32f1xx_hal_spi.o
    0x08006894   0x00000078   Code   RO         1823    i.SPI_EndRxTransaction  stm32f1xx_hal_spi.o
    0x0800690c   0x00000028   Code   RO         1824    i.SPI_EndRxTxTransaction  stm32f1xx_hal_spi.o
    0x08006934   0x000000d8   Code   RO         1829    i.SPI_WaitFlagStateUntilTimeout  stm32f1xx_hal_spi.o
    0x08006a0c   0x00000002   Code   RO         1617    i.SVC_Handler       stm32f1xx_it.o
    0x08006a0e   0x00000002   PAD
    0x08006a10   0x000002a4   Code   RO         1240    i.SdoDownloadSegmentInd  sdoserv.o
    0x08006cb4   0x000000e0   Code   RO         1241    i.SdoRes            sdoserv.o
    0x08006d94   0x000001a0   Code   RO         1242    i.SdoUploadSegmentInd  sdoserv.o
    0x08006f34   0x00000188   Code   RO          418    i.SendFragment      ecateoe.o
    0x080070bc   0x000000f4   Code   RO          521    i.SendSmFailedEmergency  ecatslv.o
    0x080071b0   0x00000028   Code   RO          522    i.SetALEventMask    ecatslv.o
    0x080071d8   0x000000d4   Code   RO          523    i.SetALStatus       ecatslv.o
    0x080072ac   0x00000620   Code   RO          524    i.StartInputHandler  ecatslv.o
    0x080078cc   0x00000054   Code   RO          525    i.StartOutputHandler  ecatslv.o
    0x08007920   0x000000e0   Code   RO          526    i.StopInputHandler  ecatslv.o
    0x08007a00   0x00000014   Code   RO          527    i.StopOutputHandler  ecatslv.o
    0x08007a14   0x00000008   Code   RO         1618    i.SysTick_Handler   stm32f1xx_it.o
    0x08007a1c   0x00000066   Code   RO         1541    i.SystemClock_Config  main.o
    0x08007a82   0x00000002   Code   RO         3164    i.SystemInit        system_stm32f1xx.o
    0x08007a84   0x0000003c   Code   RO          528    i.UpdateEEPROMLoadedState  ecatslv.o
    0x08007ac0   0x00000004   Code   RO         1619    i.UsageFault_Handler  stm32f1xx_it.o
    0x08007ac4   0x00000010   Code   RO         2593    i.__NVIC_GetPriorityGrouping  stm32f1xx_hal_cortex.o
    0x08007ad4   0x00000028   Code   RO         2594    i.__NVIC_SetPriority  stm32f1xx_hal_cortex.o
    0x08007afc   0x0000000e   Code   RO         3258    i.__scatterload_copy  mc_w.l(handlers.o)
    0x08007b0a   0x00000002   Code   RO         3259    i.__scatterload_null  mc_w.l(handlers.o)
    0x08007b0c   0x0000000e   Code   RO         3260    i.__scatterload_zeroinit  mc_w.l(handlers.o)
    0x08007b1a   0x00000002   PAD
    0x08007b1c   0x00000050   Code   RO         3210    i.free              mc_w.l(malloc.o)
    0x08007b6c   0x00000070   Code   RO         1542    i.main              main.o
    0x08007bdc   0x0000006c   Code   RO         3211    i.malloc            mc_w.l(malloc.o)
    0x08007c48   0x00000505   Data   RO           24    .constdata          coeappl.o
    0x0800814d   0x00000001   PAD
    0x0800814e   0x00000008   Data   RO          692    .constdata          emcy.o
    0x08008156   0x00000020   Data   RO         1027    .constdata          objdef.o
    0x08008176   0x00000002   PAD
    0x08008178   0x00000078   Data   RO         1244    .constdata          sdoserv.o
    0x080081f0   0x00000018   Data   RO         3165    .constdata          system_stm32f1xx.o
    0x08008208   0x00000020   Data   RO         3256    Region$$Table       anon$$obj.o


    Execution Region RW_IRAM1 (Base: 0x20000000, Size: 0x00000d20, Max: 0x00018000, ABSOLUTE, COMPRESSED[0x00000174])

    Base Addr    Size         Type   Attr      Idx    E Section Name        Object

    0x20000000   0x0000034c   Data   RW           25    .data               coeappl.o
    0x2000034c   0x00000052   Data   RW          244    .data               ecatappl.o
    0x2000039e   0x00000002   PAD
    0x200003a0   0x00000004   Data   RW          377    .data               ecatcoe.o
    0x200003a4   0x00000020   Data   RW          419    .data               ecateoe.o
    0x200003c4   0x00000016   Data   RW          466    .data               ecatfoe.o
    0x200003da   0x00000002   PAD
    0x200003dc   0x00000051   Data   RW          529    .data               ecatslv.o
    0x2000042d   0x00000001   PAD
    0x2000042e   0x00000008   Data   RW          693    .data               emcy.o
    0x20000436   0x00000016   Data   RW          766    .data               eoeappl.o
    0x2000044c   0x00000021   Data   RW          908    .data               mailbox.o
    0x2000046d   0x00000003   PAD
    0x20000470   0x0000001d   Data   RW         1028    .data               objdef.o
    0x2000048d   0x00000003   PAD
    0x20000490   0x00000020   Data   RW         1133    .data               pic32_mchp_gpio_sample_app.o
    0x200004b0   0x0000003c   Data   RW         1245    .data               sdoserv.o
    0x200004ec   0x00000010   Data   RW         1323    .data               9252_hw.o
    0x200004fc   0x00000008   Data   RW         1444    .data               spidriver.o
    0x20000504   0x00000004   Data   RW         1544    .data               main.o
    0x20000508   0x00000009   Data   RW         2122    .data               stm32f1xx_hal.o
    0x20000511   0x00000003   PAD
    0x20000514   0x00000004   Data   RW         3166    .data               system_stm32f1xx.o
    0x20000518   0x00000004   Data   RW         3252    .data               mc_w.l(mvars.o)
    0x2000051c   0x00000004   Data   RW         3253    .data               mc_w.l(mvars.o)
    0x20000520   0x00000020   Zero   RW          691    .bss                emcy.o
    0x20000540   0x00000068   Zero   RW          907    .bss                mailbox.o
    0x200005a8   0x00000088   Zero   RW         1026    .bss                objdef.o
    0x20000630   0x00000010   Zero   RW         1243    .bss                sdoserv.o
    0x20000640   0x000000e0   Zero   RW         1543    .bss                main.o
    0x20000720   0x00000200   Zero   RW            2    HEAP                startup_stm32f103xg.o
    0x20000920   0x00000400   Zero   RW            1    STACK               startup_stm32f103xg.o


==============================================================================

Image component sizes


      Code (inc. data)   RO Data    RW Data    ZI Data      Debug   Object Name

       654         30          0         16          0       7684   9252_hw.o
      1080        162       1285        844          0     492193   coeappl.o
      1192        230          0         82          0      10851   ecatappl.o
       164         26          0          4          0       5282   ecatcoe.o
      1200        102          0         32          0       7224   ecateoe.o
       724         50          0         22          0       8113   ecatfoe.o
      5762        650          0         81          0      19423   ecatslv.o
       492         54          8          8         32       6633   emcy.o
       384         40          0         22          0       6188   eoeappl.o
       262         38          0          0          0       3959   foeappl.o
      2130        310          0         33        104      12397   mailbox.o
       612         54          0          4        224       3730   main.o
      3770        134         32         29        136      28920   objdef.o
       334         20          0         32          0      23395   pic32_mchp_gpio_sample_app.o
      3580        328        120         60         16      23535   sdoserv.o
      1238         38          0          8          0      13995   spidriver.o
        36          8        304          0       1536        788   startup_stm32f103xg.o
       152         32          0          9          0       6725   stm32f1xx_hal.o
       304         22          0          0          0      31003   stm32f1xx_hal_cortex.o
      1684         28          0          0          0       4534   stm32f1xx_hal_dma.o
       880         40          0          0          0       3872   stm32f1xx_hal_gpio.o
       352         34          0          0          0       1692   stm32f1xx_hal_msp.o
      1708         84          0          0          0       4304   stm32f1xx_hal_rcc.o
      2240         58          0          0          0      15889   stm32f1xx_hal_spi.o
        96         22          0          0          0       5042   stm32f1xx_it.o
         2          0         24          4          0       1051   system_stm32f1xx.o

    ----------------------------------------------------------------------
     31060       2594       1808       1304       2048     748422   Object Totals
         0          0         32          0          0          0   (incl. Generated)
        28          0          3         14          0          0   (incl. Padding)

    ----------------------------------------------------------------------

      Code (inc. data)   RO Data    RW Data    ZI Data      Debug   Library Member Name

        86          0          0          0          0          0   __dczerorl2.o
         0          0          0          0          0          0   entry.o
         0          0          0          0          0          0   entry10a.o
         0          0          0          0          0          0   entry11a.o
         8          4          0          0          0          0   entry2.o
         4          0          0          0          0          0   entry5.o
         0          0          0          0          0          0   entry7b.o
         0          0          0          0          0          0   entry8b.o
         8          4          0          0          0          0   entry9a.o
        30          0          0          0          0          0   handlers.o
        36          8          0          0          0         68   init.o
       188         20          0          0          0        160   malloc.o
        36          0          0          0          0         68   memcpya.o
        36          0          0          0          0        108   memseta.o
         0          0          0          8          0          0   mvars.o
        14          0          0          0          0         68   strlen.o

    ----------------------------------------------------------------------
       452         36          0          8          0        472   Library Totals
         6          0          0          0          0          0   (incl. Padding)

    ----------------------------------------------------------------------

      Code (inc. data)   RO Data    RW Data    ZI Data      Debug   Library Name

       446         36          0          8          0        472   mc_w.l

    ----------------------------------------------------------------------
       452         36          0          8          0        472   Library Totals

    ----------------------------------------------------------------------

==============================================================================


      Code (inc. data)   RO Data    RW Data    ZI Data      Debug   

     31512       2630       1808       1312       2048     738882   Grand Totals
     31512       2630       1808        372       2048     738882   ELF Image Totals (compressed)
     31512       2630       1808        372          0          0   ROM Totals

==============================================================================

    Total RO  Size (Code + RO Data)                33320 (  32.54kB)
    Total RW  Size (RW Data + ZI Data)              3360 (   3.28kB)
    Total ROM Size (Code + RO Data + RW Data)      33692 (  32.90kB)

==============================================================================

