<html>
<body>
<pre>
<h1>µVision Build Log</h1>
<h2>Tool Versions:</h2>
IDE-Version: £gVision V5.23.0.0
Copyright (C) 2017 ARM Ltd and ARM Germany GmbH. All rights reserved.
License Information: 1 1, 1, LIC=CZLZX-H18YN-MMY9I-T0SDI-BFK8Q-U3I08
 
Tool Versions:
Toolchain:       MDK-ARM Plus  Version: 5.23
Toolchain Path:  C:\Keil_v5\ARM\ARMCC\Bin
C Compiler:      Armcc.exe V5.06 update 4 (build 422)
Assembler:       Armasm.exe V5.06 update 4 (build 422)
Linker/Locator:  ArmLink.exe V5.06 update 4 (build 422)
Library Manager: ArmAr.exe V5.06 update 4 (build 422)
Hex Converter:   FromElf.exe V5.06 update 4 (build 422)
CPU DLL:         SARMCM3.DLL V5.23
Dialog DLL:      DCM.DLL V1.15.0.0
Target DLL:      CMSIS_AGDI.dll V1.27.5.0
Dialog DLL:      TCM.DLL V1.27.0.0
 
<h2>Project:</h2>
E:\AT32_Project\Last_chance_lan_at403\MDK-ARM\Last_chance_lan_at403.uvprojx
Project File Date:  06/02/2021

<h2>Output:</h2>
*** Using Compiler 'V5.06 update 4 (build 422)', folder: 'C:\Keil_v5\ARM\ARMCC\Bin'
Rebuild target 'Last_chance_lan_at403'
assembling startup_stm32f103xg.s...
compiling ecatcoe.c...
compiling ecatfoe.c...
compiling ecatappl.c...
EtherCAT_Src\EtherCAT\ecatappl.c(989): warning:  #174-D: expression has no effect
              
ISABLE_ESC_INT();
EtherCAT_Src\EtherCAT\ecatappl.c(999): warning:  #174-D: expression has no effect
              
NABLE_ESC_INT();
EtherCAT_Src\EtherCAT\ecatappl.c: 2 warnings, 0 errors
compiling emcy.c...
compiling ecatslv.c...
EtherCAT_Src\EtherCAT\ecatslv.c(257): warning:  #174-D: expression has no effect
      
ISABLE_ESC_INT();
EtherCAT_Src\EtherCAT\ecatslv.c(260): warning:  #174-D: expression has no effect
      
NABLE_ESC_INT();
EtherCAT_Src\EtherCAT\ecatslv.c(276): warning:  #174-D: expression has no effect
      
ISABLE_ESC_INT();
EtherCAT_Src\EtherCAT\ecatslv.c(279): warning:  #174-D: expression has no effect
      
NABLE_ESC_INT();
EtherCAT_Src\EtherCAT\ecatslv.c: 4 warnings, 0 errors
compiling coeappl.c...
compiling ecateoe.c...
compiling eoeappl.c...
compiling mailbox.c...
compiling foeappl.c...
compiling pic32_mchp_gpio_sample_app.c...
compiling sdoserv.c...
compiling objdef.c...
compiling 9252_HW.c...
compiling main.c...
compiling stm32f1xx_it.c...
compiling SPIDriver.c...
compiling stm32f1xx_hal_msp.c...
compiling stm32f1xx_hal_spi.c...
compiling stm32f1xx_hal_gpio_ex.c...
compiling stm32f1xx_hal_rcc_ex.c...
compiling stm32f1xx_hal_rcc.c...
compiling stm32f1xx_hal_cortex.c...
compiling stm32f1xx_hal.c...
compiling stm32f1xx_hal_gpio.c...
compiling stm32f1xx_hal_dma.c...
compiling stm32f1xx_hal_pwr.c...
compiling stm32f1xx_hal_flash_ex.c...
compiling stm32f1xx_hal_flash.c...
compiling stm32f1xx_hal_tim.c...
compiling stm32f1xx_hal_exti.c...
compiling stm32f1xx_hal_tim_ex.c...
compiling system_stm32f1xx.c...
linking...
Program Size: Code=31512 RO-data=1808 RW-data=1312 ZI-data=2048  
FromELF: creating hex file...
"Last_chance_lan_at403\Last_chance_lan_at403.axf" - 0 Error(s), 6 Warning(s).

<h2>Software Packages used:</h2>

Package Vendor: ARM
                http://www.keil.com/pack/ARM.CMSIS.5.0.1.pack
                ARM::CMSIS:CORE:5.0.1
                CMSIS (Cortex Microcontroller Software Interface Standard)
   * Component: CORE Version: 5.0.1

<h2>Collection of Component include folders:</h2>
  .\RTE\_Last_chance_lan_at403
  C:\Keil_v5\ARM\PACK\ARM\CMSIS\5.0.1\CMSIS\Include
  C:\Keil_v5\ARM\PACK\Keil\STM32F1xx_DFP\2.3.0\Device\Include

<h2>Collection of Component Files used:</h2>

   * Component: ARM::CMSIS:CORE:5.0.1
Build Time Elapsed:  00:00:26
</pre>
</body>
</html>
